Archive member included to satisfy reference by file (symbol)

.\CortexM3\ARM_GCC_541\Debug\HardwareTask1.a(ADC_SAR_1.o)
                              .\CortexM3\ARM_GCC_541\Debug\main.o (ADC_SAR_1_GetResult16)
.\CortexM3\ARM_GCC_541\Debug\HardwareTask1.a(ADC_SAR_1_INT.o)
                              .\CortexM3\ARM_GCC_541\Debug\HardwareTask1.a(ADC_SAR_1.o) (ADC_SAR_1_ISR)
.\CortexM3\ARM_GCC_541\Debug\HardwareTask1.a(USBUART_1.o)
                              .\CortexM3\ARM_GCC_541\Debug\main.o (USBUART_1_Start)
.\CortexM3\ARM_GCC_541\Debug\HardwareTask1.a(USBUART_1_cdc.o)
                              .\CortexM3\ARM_GCC_541\Debug\main.o (USBUART_1_PutData)
.\CortexM3\ARM_GCC_541\Debug\HardwareTask1.a(USBUART_1_drv.o)
                              .\CortexM3\ARM_GCC_541\Debug\HardwareTask1.a(USBUART_1.o) (USBUART_1_lastPacketSize)
.\CortexM3\ARM_GCC_541\Debug\HardwareTask1.a(USBUART_1_episr.o)
                              .\CortexM3\ARM_GCC_541\Debug\HardwareTask1.a(USBUART_1.o) (USBUART_1_EP_1_ISR)
.\CortexM3\ARM_GCC_541\Debug\HardwareTask1.a(USBUART_1_pm.o)
                              .\CortexM3\ARM_GCC_541\Debug\HardwareTask1.a(USBUART_1.o) (USBUART_1_DP_ISR)
.\CortexM3\ARM_GCC_541\Debug\HardwareTask1.a(USBUART_1_std.o)
                              .\CortexM3\ARM_GCC_541\Debug\HardwareTask1.a(USBUART_1_pm.o) (USBUART_1_ConfigReg)
.\CortexM3\ARM_GCC_541\Debug\HardwareTask1.a(USBUART_1_vnd.o)
                              .\CortexM3\ARM_GCC_541\Debug\HardwareTask1.a(USBUART_1_drv.o) (USBUART_1_HandleVendorRqst)
.\CortexM3\ARM_GCC_541\Debug\HardwareTask1.a(ADC_SAR_1_theACLK.o)
                              .\CortexM3\ARM_GCC_541\Debug\HardwareTask1.a(ADC_SAR_1.o) (ADC_SAR_1_theACLK_SetModeRegister)
.\CortexM3\ARM_GCC_541\Debug\HardwareTask1.a(USBUART_1_Dp.o)
                              .\CortexM3\ARM_GCC_541\Debug\HardwareTask1.a(USBUART_1.o) (USBUART_1_Dp_ClearInterrupt)
.\CortexM3\ARM_GCC_541\Debug\HardwareTask1.a(CyLib.o)
                              .\CortexM3\ARM_GCC_541\Debug\Cm3Start.o (CyHalt)
.\CortexM3\ARM_GCC_541\Debug\HardwareTask1.a(cyPm.o)
                              .\CortexM3\ARM_GCC_541\Debug\HardwareTask1.a(CyLib.o) (CyPmReadStatus)
.\CortexM3\ARM_GCC_541\Debug\HardwareTask1.a(CyBootAsmGnu.o)
                              .\CortexM3\ARM_GCC_541\Debug\cyfitter_cfg.o (CyDelayCycles)
.\CortexM3\ARM_GCC_541\Debug\HardwareTask1.a(USBUART_1_cls.o)
                              .\CortexM3\ARM_GCC_541\Debug\HardwareTask1.a(USBUART_1_drv.o) (USBUART_1_DispatchClassRqst)
.\CortexM3\ARM_GCC_541\Debug\HardwareTask1.a(USBUART_1_descr.o)
                              .\CortexM3\ARM_GCC_541\Debug\HardwareTask1.a(USBUART_1_std.o) (USBUART_1_idSerialNumberStringDescriptor)
.\CortexM3\ARM_GCC_541\Debug\HardwareTask1.a(CyFlash.o)
                              .\CortexM3\ARM_GCC_541\Debug\HardwareTask1.a(cyPm.o) (CyFlash_SetWaitCycles)
.\CortexM3\ARM_GCC_541\Debug\HardwareTask1.a(CySpc.o)
                              .\CortexM3\ARM_GCC_541\Debug\HardwareTask1.a(CyFlash.o) (CySpcStart)
c:/program files (x86)/cypress/psoc creator/4.2/psoc creator/import/gnu/arm/5.4.1/bin/../lib/gcc/arm-none-eabi/5.4.1/armv7-m\libgcc.a(_arm_addsubsf3.o)
                              .\CortexM3\ARM_GCC_541\Debug\HardwareTask1.a(ADC_SAR_1.o) (__aeabi_i2f)
c:/program files (x86)/cypress/psoc creator/4.2/psoc creator/import/gnu/arm/5.4.1/bin/../lib/gcc/arm-none-eabi/5.4.1/armv7-m\libgcc.a(_arm_muldivsf3.o)
                              .\CortexM3\ARM_GCC_541\Debug\HardwareTask1.a(ADC_SAR_1.o) (__aeabi_fmul)
c:/program files (x86)/cypress/psoc creator/4.2/psoc creator/import/gnu/arm/5.4.1/bin/../lib/gcc/arm-none-eabi/5.4.1/armv7-m\libgcc.a(_aeabi_ldivmod.o)
                              .\CortexM3\ARM_GCC_541\Debug\HardwareTask1.a(ADC_SAR_1.o) (__aeabi_ldivmod)
c:/program files (x86)/cypress/psoc creator/4.2/psoc creator/import/gnu/arm/5.4.1/bin/../lib/gcc/arm-none-eabi/5.4.1/armv7-m\libgcc.a(_udivmoddi4.o)
                              c:/program files (x86)/cypress/psoc creator/4.2/psoc creator/import/gnu/arm/5.4.1/bin/../lib/gcc/arm-none-eabi/5.4.1/armv7-m\libgcc.a(_aeabi_ldivmod.o) (__udivmoddi4)
c:/program files (x86)/cypress/psoc creator/4.2/psoc creator/import/gnu/arm/5.4.1/bin/../lib/gcc/arm-none-eabi/5.4.1/armv7-m\libgcc.a(_dvmd_tls.o)
                              c:/program files (x86)/cypress/psoc creator/4.2/psoc creator/import/gnu/arm/5.4.1/bin/../lib/gcc/arm-none-eabi/5.4.1/armv7-m\libgcc.a(_aeabi_ldivmod.o) (__aeabi_ldiv0)
c:/program files (x86)/cypress/psoc creator/4.2/psoc creator/import/gnu/arm/5.4.1/bin/../lib/gcc/arm-none-eabi/5.4.1/../../../../arm-none-eabi/lib/armv7-m\libg_nano.a(lib_a-errno.o)
                              .\CortexM3\ARM_GCC_541\Debug\Cm3Start.o (__errno)
c:/program files (x86)/cypress/psoc creator/4.2/psoc creator/import/gnu/arm/5.4.1/bin/../lib/gcc/arm-none-eabi/5.4.1/../../../../arm-none-eabi/lib/armv7-m\libg_nano.a(lib_a-exit.o)
[...]
Memory Configuration

Name             Origin             Length             Attributes
rom              0x00000000         0x00040000         xr
ram              0x1fff8000         0x00010000         xrw
*default*        0x00000000         0xffffffff

Linker script and memory map

LOAD c:/program files (x86)/cypress/psoc creator/4.2/psoc creator/import/gnu/arm/5.4.1/bin/../lib/gcc/arm-none-eabi/5.4.1/armv7-m/crti.o
LOAD c:/program files (x86)/cypress/psoc creator/4.2/psoc creator/import/gnu/arm/5.4.1/bin/../lib/gcc/arm-none-eabi/5.4.1/armv7-m/crtbegin.o
LOAD c:/program files (x86)/cypress/psoc creator/4.2/psoc creator/import/gnu/arm/5.4.1/bin/../lib/gcc/arm-none-eabi/5.4.1/../../../../arm-none-eabi/lib/armv7-m/crt0.o
START GROUP
LOAD .\CortexM3\ARM_GCC_541\Debug\main.o
LOAD .\CortexM3\ARM_GCC_541\Debug\cyfitter_cfg.o
LOAD .\CortexM3\ARM_GCC_541\Debug\cymetadata.o
LOAD .\CortexM3\ARM_GCC_541\Debug\Cm3Start.o
LOAD .\CortexM3\ARM_GCC_541\Debug\HardwareTask1.a
LOAD C:\Program Files (x86)\Cypress\PSoC Creator\4.2\PSoC Creator\psoc\content\cycomponentlibrary\CyComponentLibrary.cylib\CortexM3\ARM_GCC_541\Debug\CyComponentLibrary.a
END GROUP
START GROUP
LOAD c:/program files (x86)/cypress/psoc creator/4.2/psoc creator/import/gnu/arm/5.4.1/bin/../lib/gcc/arm-none-eabi/5.4.1/armv7-m\libgcc.a
LOAD c:/program files (x86)/cypress/psoc creator/4.2/psoc creator/import/gnu/arm/5.4.1/bin/../lib/gcc/arm-none-eabi/5.4.1/../../../../arm-none-eabi/lib/armv7-m\libg_nano.a
LOAD c:/program files (x86)/cypress/psoc creator/4.2/psoc creator/import/gnu/arm/5.4.1/bin/../lib/gcc/arm-none-eabi/5.4.1/../../../../arm-none-eabi/lib/armv7-m\libc_nano.a
END GROUP
START GROUP
LOAD c:/program files (x86)/cypress/psoc creator/4.2/psoc creator/import/gnu/arm/5.4.1/bin/../lib/gcc/arm-none-eabi/5.4.1/armv7-m\libgcc.a
LOAD c:/program files (x86)/cypress/psoc creator/4.2/psoc creator/import/gnu/arm/5.4.1/bin/../lib/gcc/arm-none-eabi/5.4.1/../../../../arm-none-eabi/lib/armv7-m\libc_nano.a
END GROUP
LOAD c:/program files (x86)/cypress/psoc creator/4.2/psoc creator/import/gnu/arm/5.4.1/bin/../lib/gcc/arm-none-eabi/5.4.1/armv7-m/crtend.o
LOAD c:/program files (x86)/cypress/psoc creator/4.2/psoc creator/import/gnu/arm/5.4.1/bin/../lib/gcc/arm-none-eabi/5.4.1/armv7-m/crtn.o
START GROUP
LOAD c:/program files (x86)/cypress/psoc creator/4.2/psoc creator/import/gnu/arm/5.4.1/bin/../lib/gcc/arm-none-eabi/5.4.1/armv7-m\libgcc.a
LOAD c:/program files (x86)/cypress/psoc creator/4.2/psoc creator/import/gnu/arm/5.4.1/bin/../lib/gcc/arm-none-eabi/5.4.1/../../../../arm-none-eabi/lib/armv7-m\libc.a
LOAD c:/program files (x86)/cypress/psoc creator/4.2/psoc creator/import/gnu/arm/5.4.1/bin/../lib/gcc/arm-none-eabi/5.4.1/../../../../arm-none-eabi/lib/armv7-m\libnosys.a
END GROUP
                0x00000000                CY_APPL_ORIGIN = 0x0
                0x00000100                CY_FLASH_ROW_SIZE = 0x100
                0x00000020                CY_ECC_ROW_SIZE = 0x20
                0x00000000                CY_EE_IN_BTLDR = 0x0
                0x00000000                CY_APPL_LOADABLE = 0x0
                0x00000800                CY_EE_SIZE = 0x800
                0x00000001                CY_APPL_NUM = 0x1
                0x00000001                CY_APPL_MAX = 0x1
                0x00000040                CY_METADATA_SIZE = 0x40
                0x00000000                CY_APPL_LOADABLE = 0x0
                0x00000000                CY_CHECKSUM_EXCLUDE_SIZE = ALIGN (0x0, CY_FLASH_ROW_SIZE)
                [!provide]                PROVIDE (__cy_heap_start, _end)
                0x00000001                PROVIDE (__cy_region_num, ((__cy_regions_end - __cy_regions) / 0x10))
                0x20008000                PROVIDE (__cy_stack, (ORIGIN (ram) + LENGTH (ram)))
                [!provide]                PROVIDE (__cy_heap_end, (__cy_stack - 0x800))

.cybootloader   0x00000000        0x0
 *(.cybootloader)
                0x00000000                appl1_start = CY_APPL_ORIGIN?CY_APPL_ORIGIN:ALIGN (CY_FLASH_ROW_SIZE)
                0x0001ff00                appl2_start = (appl1_start + ALIGN ((((LENGTH (rom) - appl1_start) - (0x2 * CY_FLASH_ROW_SIZE)) / 0x2), CY_FLASH_ROW_SIZE))
                0x00000000                appl_start = (CY_APPL_NUM == 0x1)?appl1_start:appl2_start
                0x00000000                ecc_offset = ((appl_start / CY_FLASH_ROW_SIZE) * CY_ECC_ROW_SIZE)
                0x00000000                ee_offset = (CY_APPL_LOADABLE && ! (CY_EE_IN_BTLDR))?((CY_EE_SIZE / CY_APPL_MAX) * (CY_APPL_NUM - 0x1)):0x0
                0x00000800                ee_size = (CY_APPL_LOADABLE && ! (CY_EE_IN_BTLDR))?(CY_EE_SIZE / CY_APPL_MAX):CY_EE_SIZE
                [!provide]                PROVIDE (CY_ECC_OFFSET, ecc_offset)

.text           0x00000000     0x1a06
 CREATE_OBJECT_SYMBOLS
                0x00000000                PROVIDE (__cy_interrupt_vector, RomVectors)
 *(.romvectors)
 .romvectors    0x00000000       0x10 .\CortexM3\ARM_GCC_541\Debug\Cm3Start.o
                0x00000000                RomVectors
                0x00000001                ASSERT ((. != __cy_interrupt_vector), No interrupt vector)
                0x00000001                ASSERT (CY_APPL_ORIGIN?(SIZEOF (.cybootloader) <= CY_APPL_ORIGIN):0x1, Wrong image location)
                0x00000010                PROVIDE (__cy_reset, Reset)
 *(.text.Reset)
 .text.Reset    0x00000010       0x18 .\CortexM3\ARM_GCC_541\Debug\Cm3Start.o
                0x00000010                Reset
                0x00000001                ASSERT ((. != __cy_reset), No reset code)
 *(.dma_init)
                0x00000001                ASSERT ((((appl_start + .) <= 0x10000) || 0x1), DMA Init must be within the first 64k of flash)
 *(.text .text.* .gnu.linkonce.t.*)
 .text          0x00000028       0x5c c:/program files (x86)/cypress/psoc creator/4.2/psoc creator/import/gnu/arm/5.4.1/bin/../lib/gcc/arm-none-eabi/5.4.1/armv7-m/crtbegin.o
 .text.uart_send_str
                0x00000084       0x14 .\CortexM3\ARM_GCC_541\Debug\main.o
                0x00000084                uart_send_str
 .text.uart_conv_uint16
                0x00000098       0x58 .\CortexM3\ARM_GCC_541\Debug\main.o
                0x00000098                uart_conv_uint16
 .text.main     0x000000f0       0x20 .\CortexM3\ARM_GCC_541\Debug\main.o
                0x000000f0                main
 .text.CyClockStartupError
                0x00000110        0x4 .\CortexM3\ARM_GCC_541\Debug\cyfitter_cfg.o
 .text.cfg_write_bytes32
                0x00000114       0x34 .\CortexM3\ARM_GCC_541\Debug\cyfitter_cfg.o
 .text.CYMEMZERO
                0x00000148        0xc .\CortexM3\ARM_GCC_541\Debug\cyfitter_cfg.o
 .text.AnalogSetDefault
                0x00000154       0x84 .\CortexM3\ARM_GCC_541\Debug\cyfitter_cfg.o
 .text.CYCONFIGCPY
                0x000001d8        0x8 .\CortexM3\ARM_GCC_541\Debug\cyfitter_cfg.o
 .text.ClockSetup
                0x000001e0       0xd0 .\CortexM3\ARM_GCC_541\Debug\cyfitter_cfg.o
 .text.cyfitter_cfg
                0x000002b0       0xe4 .\CortexM3\ARM_GCC_541\Debug\cyfitter_cfg.o
                0x000002b0                cyfitter_cfg
 .text.IntDefaultHandler
                0x00000394       0x10 .\CortexM3\ARM_GCC_541\Debug\Cm3Start.o
                0x00000394                IntDefaultHandler
 .text.Start_c  0x000003a4       0x4c .\CortexM3\ARM_GCC_541\Debug\Cm3Start.o
                0x000003a4                Start_c
 .text.initialize_psoc
                0x000003f0       0x68 .\CortexM3\ARM_GCC_541\Debug\Cm3Start.o
                0x000003f0                initialize_psoc
 .text.USBUART_1_Init
                0x00000458      0x140 .\CortexM3\ARM_GCC_541\Debug\HardwareTask1.a(USBUART_1.o)
                0x00000458                USBUART_1_Init
 .text.USBUART_1_InitComponent
                0x00000598       0xb8 .\CortexM3\ARM_GCC_541\Debug\HardwareTask1.a(USBUART_1.o)
                0x00000598                USBUART_1_InitComponent
 .text.USBUART_1_Start
                0x00000650       0x24 .\CortexM3\ARM_GCC_541\Debug\HardwareTask1.a(USBUART_1.o)
                0x00000650                USBUART_1_Start
 .text.USBUART_1_ReInitComponent
                0x00000674       0x4c .\CortexM3\ARM_GCC_541\Debug\HardwareTask1.a(USBUART_1.o)
                0x00000674                USBUART_1_ReInitComponent
 .text.USBUART_1_GetEPState
                0x000006c0       0x14 .\CortexM3\ARM_GCC_541\Debug\HardwareTask1.a(USBUART_1.o)
                0x000006c0                USBUART_1_GetEPState
 .text.USBUART_1_LoadInEP
                0x000006d4       0x94 .\CortexM3\ARM_GCC_541\Debug\HardwareTask1.a(USBUART_1.o)
                0x000006d4                USBUART_1_LoadInEP
 .text.USBUART_1_StrLen
                0x00000768       0x14 .\CortexM3\ARM_GCC_541\Debug\HardwareTask1.a(USBUART_1_cdc.o)
 .text.USBUART_1_GetInterfaceComPort
                0x0000077c       0x38 .\CortexM3\ARM_GCC_541\Debug\HardwareTask1.a(USBUART_1_cdc.o)
                0x0000077c                USBUART_1_GetInterfaceComPort
 .text.USBUART_1_DispatchCDCClassRqst
                0x000007b4       0x98 .\CortexM3\ARM_GCC_541\Debug\HardwareTask1.a(USBUART_1_cdc.o)
                0x000007b4                USBUART_1_DispatchCDCClassRqst
 .text.USBUART_1_PutData
                0x0000084c       0x50 .\CortexM3\ARM_GCC_541\Debug\HardwareTask1.a(USBUART_1_cdc.o)
                0x0000084c                USBUART_1_PutData
 .text.USBUART_1_PutString
                0x0000089c       0xa0 .\CortexM3\ARM_GCC_541\Debug\HardwareTask1.a(USBUART_1_cdc.o)
                0x0000089c                USBUART_1_PutString
 .text.USBUART_1_CDCIsReady
                0x0000093c       0x18 .\CortexM3\ARM_GCC_541\Debug\HardwareTask1.a(USBUART_1_cdc.o)
                0x0000093c                USBUART_1_CDCIsReady
 .text.USBUART_1_Cdc_EpInit
                0x00000954       0x50 .\CortexM3\ARM_GCC_541\Debug\HardwareTask1.a(USBUART_1_cdc.o)
                0x00000954                USBUART_1_Cdc_EpInit
 .text.USBUART_1_LoadEP0
                0x000009a4       0x98 .\CortexM3\ARM_GCC_541\Debug\HardwareTask1.a(USBUART_1_drv.o)
                0x000009a4                USBUART_1_LoadEP0
 .text.USBUART_1_InitZeroLengthControlTransfer
                0x00000a3c       0x34 .\CortexM3\ARM_GCC_541\Debug\HardwareTask1.a(USBUART_1_drv.o)
                0x00000a3c                USBUART_1_InitZeroLengthControlTransfer
 .text.USBUART_1_ControlReadDataStage
                0x00000a70        0x8 .\CortexM3\ARM_GCC_541\Debug\HardwareTask1.a(USBUART_1_drv.o)
                0x00000a70                USBUART_1_ControlReadDataStage
 .text.USBUART_1_ControlWriteDataStage
                0x00000a78       0x84 .\CortexM3\ARM_GCC_541\Debug\HardwareTask1.a(USBUART_1_drv.o)
                0x00000a78                USBUART_1_ControlWriteDataStage
 .text.USBUART_1_InitNoDataControlTransfer
                0x00000afc       0x2c .\CortexM3\ARM_GCC_541\Debug\HardwareTask1.a(USBUART_1_drv.o)
                0x00000afc                USBUART_1_InitNoDataControlTransfer
 .text.USBUART_1_UpdateStatusBlock
                0x00000b28       0x24 .\CortexM3\ARM_GCC_541\Debug\HardwareTask1.a(USBUART_1_drv.o)
                0x00000b28                USBUART_1_UpdateStatusBlock
 .text.USBUART_1_HandleSetup
                0x00000b4c       0x5c .\CortexM3\ARM_GCC_541\Debug\HardwareTask1.a(USBUART_1_drv.o)
                0x00000b4c                USBUART_1_HandleSetup
 .text.USBUART_1_ControlReadStatusStage
                0x00000ba8       0x38 .\CortexM3\ARM_GCC_541\Debug\HardwareTask1.a(USBUART_1_drv.o)
                0x00000ba8                USBUART_1_ControlReadStatusStage
 .text.USBUART_1_HandleOUT
                0x00000be0       0x38 .\CortexM3\ARM_GCC_541\Debug\HardwareTask1.a(USBUART_1_drv.o)
                0x00000be0                USBUART_1_HandleOUT
 .text.USBUART_1_ControlWriteStatusStage
                0x00000c18       0x20 .\CortexM3\ARM_GCC_541\Debug\HardwareTask1.a(USBUART_1_drv.o)
                0x00000c18                USBUART_1_ControlWriteStatusStage
 .text.USBUART_1_NoDataControlStatusStage
                0x00000c38       0x40 .\CortexM3\ARM_GCC_541\Debug\HardwareTask1.a(USBUART_1_drv.o)
                0x00000c38                USBUART_1_NoDataControlStatusStage
 .text.USBUART_1_HandleIN
                0x00000c78       0x2c .\CortexM3\ARM_GCC_541\Debug\HardwareTask1.a(USBUART_1_drv.o)
                0x00000c78                USBUART_1_HandleIN
 .text.USBUART_1_EP_0_ISR
                0x00000ca4       0xb8 .\CortexM3\ARM_GCC_541\Debug\HardwareTask1.a(USBUART_1_drv.o)
                0x00000ca4                USBUART_1_EP_0_ISR
 .text.USBUART_1_InitializeStatusBlock
                0x00000d5c       0x24 .\CortexM3\ARM_GCC_541\Debug\HardwareTask1.a(USBUART_1_drv.o)
                0x00000d5c                USBUART_1_InitializeStatusBlock
 .text.USBUART_1_InitControlRead
                0x00000d80       0x50 .\CortexM3\ARM_GCC_541\Debug\HardwareTask1.a(USBUART_1_drv.o)
                0x00000d80                USBUART_1_InitControlRead
 .text.USBUART_1_InitControlWrite
                0x00000dd0       0x48 .\CortexM3\ARM_GCC_541\Debug\HardwareTask1.a(USBUART_1_drv.o)
                0x00000dd0                USBUART_1_InitControlWrite
 .text.USBUART_1_EP_1_ISR
                0x00000e18       0x30 .\CortexM3\ARM_GCC_541\Debug\HardwareTask1.a(USBUART_1_episr.o)
                0x00000e18                USBUART_1_EP_1_ISR
 .text.USBUART_1_EP_2_ISR
                0x00000e48       0x34 .\CortexM3\ARM_GCC_541\Debug\HardwareTask1.a(USBUART_1_episr.o)
                0x00000e48                USBUART_1_EP_2_ISR
 .text.USBUART_1_EP_3_ISR
                0x00000e7c       0x3c .\CortexM3\ARM_GCC_541\Debug\HardwareTask1.a(USBUART_1_episr.o)
                0x00000e7c                USBUART_1_EP_3_ISR
 .text.USBUART_1_SOF_ISR
                0x00000eb8        0x4 .\CortexM3\ARM_GCC_541\Debug\HardwareTask1.a(USBUART_1_episr.o)
                0x00000eb8                USBUART_1_SOF_ISR
 .text.USBUART_1_BUS_RESET_ISR
                0x00000ebc        0x8 .\CortexM3\ARM_GCC_541\Debug\HardwareTask1.a(USBUART_1_episr.o)
                0x00000ebc                USBUART_1_BUS_RESET_ISR
 .text.USBUART_1_DP_ISR
                0x00000ec4        0x8 .\CortexM3\ARM_GCC_541\Debug\HardwareTask1.a(USBUART_1_pm.o)
                0x00000ec4                USBUART_1_DP_ISR
 .text.USBUART_1_ReadDieID
                0x00000ecc       0x6c .\CortexM3\ARM_GCC_541\Debug\HardwareTask1.a(USBUART_1_std.o)
                0x00000ecc                USBUART_1_ReadDieID
 .text.USBUART_1_ConfigReg
                0x00000f38       0xa4 .\CortexM3\ARM_GCC_541\Debug\HardwareTask1.a(USBUART_1_std.o)
                0x00000f38                USBUART_1_ConfigReg
 .text.USBUART_1_GetConfigTablePtr
                0x00000fdc       0x28 .\CortexM3\ARM_GCC_541\Debug\HardwareTask1.a(USBUART_1_std.o)
                0x00000fdc                USBUART_1_GetConfigTablePtr
 .text.USBUART_1_ConfigAltChanged
                0x00001004      0x11c .\CortexM3\ARM_GCC_541\Debug\HardwareTask1.a(USBUART_1_std.o)
                0x00001004                USBUART_1_ConfigAltChanged
 .text.USBUART_1_GetDeviceTablePtr
                0x00001120       0x18 .\CortexM3\ARM_GCC_541\Debug\HardwareTask1.a(USBUART_1_std.o)
                0x00001120                USBUART_1_GetDeviceTablePtr
 .text.USBUART_1_GetInterfaceClassTablePtr
                0x00001138       0x28 .\CortexM3\ARM_GCC_541\Debug\HardwareTask1.a(USBUART_1_std.o)
                0x00001138                USBUART_1_GetInterfaceClassTablePtr
 .text.USBUART_1_Config
                0x00001160      0x1ec .\CortexM3\ARM_GCC_541\Debug\HardwareTask1.a(USBUART_1_std.o)
                0x00001160                USBUART_1_Config
 .text.USBUART_1_SetEndpointHalt
                0x0000134c       0x64 .\CortexM3\ARM_GCC_541\Debug\HardwareTask1.a(USBUART_1_std.o)
                0x0000134c                USBUART_1_SetEndpointHalt
 .text.USBUART_1_ClearEndpointHalt
                0x000013b0       0xac .\CortexM3\ARM_GCC_541\Debug\HardwareTask1.a(USBUART_1_std.o)
                0x000013b0                USBUART_1_ClearEndpointHalt
 .text.USBUART_1_ValidateAlternateSetting
                0x0000145c       0x4c .\CortexM3\ARM_GCC_541\Debug\HardwareTask1.a(USBUART_1_std.o)
                0x0000145c                USBUART_1_ValidateAlternateSetting
 .text.USBUART_1_HandleStandardRqst
                0x000014a8      0x354 .\CortexM3\ARM_GCC_541\Debug\HardwareTask1.a(USBUART_1_std.o)
                0x000014a8                USBUART_1_HandleStandardRqst
 .text.USBUART_1_HandleVendorRqst
                0x000017fc       0x18 .\CortexM3\ARM_GCC_541\Debug\HardwareTask1.a(USBUART_1_vnd.o)
                0x000017fc                USBUART_1_HandleVendorRqst
 .text.USBUART_1_Dp_ClearInterrupt
                0x00001814       0x10 .\CortexM3\ARM_GCC_541\Debug\HardwareTask1.a(USBUART_1_Dp.o)
                0x00001814                USBUART_1_Dp_ClearInterrupt
 .text.CyHalt   0x00001824        0x4 .\CortexM3\ARM_GCC_541\Debug\HardwareTask1.a(CyLib.o)
                0x00001824                CyHalt
 .text.CyDelayUs
                0x00001828       0x14 .\CortexM3\ARM_GCC_541\Debug\HardwareTask1.a(CyLib.o)
                0x00001828                CyDelayUs
 .text.CyIntSetVector
                0x0000183c       0x28 .\CortexM3\ARM_GCC_541\Debug\HardwareTask1.a(CyLib.o)
                0x0000183c                CyIntSetVector
 .text.CyIntSetPriority
                0x00001864       0x30 .\CortexM3\ARM_GCC_541\Debug\HardwareTask1.a(CyLib.o)
                0x00001864                CyIntSetPriority
 .text.CyGetUniqueId
                0x00001894       0x70 .\CortexM3\ARM_GCC_541\Debug\HardwareTask1.a(CyLib.o)
                0x00001894                CyGetUniqueId
 *fill*         0x00001904        0x4 
 .text          0x00001908       0x20 .\CortexM3\ARM_GCC_541\Debug\HardwareTask1.a(CyBootAsmGnu.o)
                0x00001908                CyDelayCycles
                0x00001918                CyEnterCriticalSection
                0x00001920                CyExitCriticalSection
 .text.USBUART_1_DispatchClassRqst
                0x00001928       0x60 .\CortexM3\ARM_GCC_541\Debug\HardwareTask1.a(USBUART_1_cls.o)
                0x00001928                USBUART_1_DispatchClassRqst
 .text.__errno  0x00001988        0xc c:/program files (x86)/cypress/psoc creator/4.2/psoc creator/import/gnu/arm/5.4.1/bin/../lib/gcc/arm-none-eabi/5.4.1/../../../../arm-none-eabi/lib/armv7-m\libg_nano.a(lib_a-errno.o)
                0x00001988                __errno
 .text.__libc_init_array
                0x00001994       0x4c c:/program files (x86)/cypress/psoc creator/4.2/psoc creator/import/gnu/arm/5.4.1/bin/../lib/gcc/arm-none-eabi/5.4.1/../../../../arm-none-eabi/lib/armv7-m\libg_nano.a(lib_a-init.o)
                0x00001994                __libc_init_array
 .text.memcpy   0x000019e0       0x16 c:/program files (x86)/cypress/psoc creator/4.2/psoc creator/import/gnu/arm/5.4.1/bin/../lib/gcc/arm-none-eabi/5.4.1/../../../../arm-none-eabi/lib/armv7-m\libg_nano.a(lib_a-memcpy-stub.o)
                0x000019e0                memcpy
 .text.memset   0x000019f6       0x10 c:/program files (x86)/cypress/psoc creator/4.2/psoc creator/import/gnu/arm/5.4.1/bin/../lib/gcc/arm-none-eabi/5.4.1/../../../../arm-none-eabi/lib/armv7-m\libg_nano.a(lib_a-memset.o)
                0x000019f6                memset
 *(.plt)
 *(.gnu.warning)
 *(.glue_7t)
 .glue_7t       0x00001a06        0x0 linker stubs
 *(.glue_7)
 .glue_7        0x00001a06        0x0 linker stubs
 *(.vfp11_veneer)
 .vfp11_veneer  0x00001a06        0x0 linker stubs
 *(.bootloader)
 *(.ARM.extab* .gnu.linkonce.armextab.*)
 *(.gcc_except_table)

.v4_bx          0x00001a08        0x0
 .v4_bx         0x00001a08        0x0 linker stubs

.iplt           0x00001a08        0x0
 .iplt          0x00001a08        0x0 c:/program files (x86)/cypress/psoc creator/4.2/psoc creator/import/gnu/arm/5.4.1/bin/../lib/gcc/arm-none-eabi/5.4.1/armv7-m/crtbegin.o

.eh_frame_hdr
 *(.eh_frame_hdr)

.eh_frame       0x00001a08        0x4
 *(.eh_frame)
 .eh_frame      0x00001a08        0x0 c:/program files (x86)/cypress/psoc creator/4.2/psoc creator/import/gnu/arm/5.4.1/bin/../lib/gcc/arm-none-eabi/5.4.1/armv7-m/crtbegin.o
 .eh_frame      0x00001a08        0x4 c:/program files (x86)/cypress/psoc creator/4.2/psoc creator/import/gnu/arm/5.4.1/bin/../lib/gcc/arm-none-eabi/5.4.1/armv7-m/crtend.o
                [!provide]                PROVIDE (__exidx_start, .)

.ARM.exidx
 *(.ARM.exidx* .gnu.linkonce.armexidx.*)
                0x00001a0c                __exidx_end = .

.rodata         0x00001a0c      0x1ec
 *(.rodata .rodata.* .gnu.linkonce.r.*)
 .rodata.str1.4
                0x00001a0c        0xd .\CortexM3\ARM_GCC_541\Debug\main.o
 *fill*         0x00001a19        0x3 
 .rodata        0x00001a1c       0x30 .\CortexM3\ARM_GCC_541\Debug\cyfitter_cfg.o
 .rodata.str1.4
                0x00001a4c       0x14 .\CortexM3\ARM_GCC_541\Debug\HardwareTask1.a(USBUART_1_std.o)
                                 0x11 (size before relaxing)
 .rodata        0x00001a60      0x15e .\CortexM3\ARM_GCC_541\Debug\HardwareTask1.a(USBUART_1_descr.o)
                0x00001a60                USBUART_1_TABLE
                0x00001a68                USBUART_1_DEVICE0_TABLE
                0x00001a80                USBUART_1_DEVICE0_CONFIGURATION0_TABLE
                0x00001aa8                USBUART_1_DEVICE0_CONFIGURATION0_INTERFACE_CLASS
                0x00001aac                USBUART_1_DEVICE0_CONFIGURATION0_EP_SETTINGS_TABLE
                0x00001ac4                USBUART_1_SN_STRING_DESCRIPTOR
                0x00001ac8                USBUART_1_STRING_DESCRIPTORS
                0x00001b68                USBUART_1_DEVICE0_CONFIGURATION0_DESCR
                0x00001bac                USBUART_1_DEVICE0_DESCR
 .rodata.str1.1
                0x00001bbe        0x2 c:/program files (x86)/cypress/psoc creator/4.2/psoc creator/import/gnu/arm/5.4.1/bin/../lib/gcc/arm-none-eabi/5.4.1/../../../../arm-none-eabi/lib/armv7-m\libg_nano.a(lib_a-impure.o)
                0x00001bc0                . = ALIGN (0x4)
 *(.init)
 .init          0x00001bc0        0x4 c:/program files (x86)/cypress/psoc creator/4.2/psoc creator/import/gnu/arm/5.4.1/bin/../lib/gcc/arm-none-eabi/5.4.1/armv7-m/crti.o
                0x00001bc0                _init
 .init          0x00001bc4        0x8 c:/program files (x86)/cypress/psoc creator/4.2/psoc creator/import/gnu/arm/5.4.1/bin/../lib/gcc/arm-none-eabi/5.4.1/armv7-m/crtn.o
                0x00001bcc                . = ALIGN (0x4)
                0x00001bcc                __preinit_array_start = .
 *(.preinit_array)
                0x00001bcc                __preinit_array_end = .
                0x00001bcc                . = ALIGN (0x4)
                0x00001bcc                __init_array_start = .
 *(SORT(.init_array.*))
 *(.init_array)
 .init_array    0x00001bcc        0x4 c:/program files (x86)/cypress/psoc creator/4.2/psoc creator/import/gnu/arm/5.4.1/bin/../lib/gcc/arm-none-eabi/5.4.1/armv7-m/crtbegin.o
 .init_array    0x00001bd0        0x4 .\CortexM3\ARM_GCC_541\Debug\Cm3Start.o
                0x00001bd4                __init_array_end = .
                0x00001bd4                . = ALIGN (0x4)
 *(.fini)
 .fini          0x00001bd4        0x4 c:/program files (x86)/cypress/psoc creator/4.2/psoc creator/import/gnu/arm/5.4.1/bin/../lib/gcc/arm-none-eabi/5.4.1/armv7-m/crti.o
                0x00001bd4                _fini
 .fini          0x00001bd8        0x8 c:/program files (x86)/cypress/psoc creator/4.2/psoc creator/import/gnu/arm/5.4.1/bin/../lib/gcc/arm-none-eabi/5.4.1/armv7-m/crtn.o
                0x00001be0                . = ALIGN (0x4)
                0x00001be0                __fini_array_start = .
 *(.fini_array)
 .fini_array    0x00001be0        0x4 c:/program files (x86)/cypress/psoc creator/4.2/psoc creator/import/gnu/arm/5.4.1/bin/../lib/gcc/arm-none-eabi/5.4.1/armv7-m/crtbegin.o
 *(SORT(.fini_array.*))
                0x00001be4                __fini_array_end = .
                0x00001be4                . = ALIGN (0x4)
 *crtbegin.o(.ctors)
 *(EXCLUDE_FILE(*crtend.o) .ctors)
 *(SORT(.ctors.*))
 *crtend.o(.ctors)
                0x00001be4                . = ALIGN (0x4)
 *crtbegin.o(.dtors)
 *(EXCLUDE_FILE(*crtend.o) .dtors)
 *(SORT(.dtors.*))
 *crtend.o(.dtors)
                0x00001be4                . = ALIGN (0x4)
                0x00001be4                __cy_regions = .
                0x00001be4        0x4 LONG 0x1bf8 __cy_region_init_ram
                0x00001be8        0x4 LONG 0x1fff80c8 __cy_region_start_data
                0x00001bec        0x4 LONG 0x98 __cy_region_init_size_ram
                0x00001bf0        0x4 LONG 0xf8 __cy_region_zero_size_ram
                0x00001bf4                __cy_regions_end = .
                0x00001bf8                . = ALIGN (0x8)
 *fill*         0x00001bf4        0x4 
                0x00001bf8                _etext = .

.cy_checksum_exclude
                0x00001bf8        0x0
 *(.cy_checksum_exclude)

.ramvectors     0x1fff8000       0xc0
                0x1fff8000                __cy_region_start_ram = .
 *(.ramvectors)
 .ramvectors    0x1fff8000       0xc0 .\CortexM3\ARM_GCC_541\Debug\Cm3Start.o
                0x1fff8000                CyRamVectors

.noinit         0x1fff80c0        0x1
 *(.noinit)
 .noinit        0x1fff80c0        0x1 .\CortexM3\ARM_GCC_541\Debug\HardwareTask1.a(CyLib.o)
                0x1fff80c0                CyResetStatus

.data           0x1fff80c8       0x98 load address 0x00001bf8
                0x1fff80c8                __cy_region_start_data = .
 *(.jcr)
 .jcr           0x1fff80c8        0x0 c:/program files (x86)/cypress/psoc creator/4.2/psoc creator/import/gnu/arm/5.4.1/bin/../lib/gcc/arm-none-eabi/5.4.1/armv7-m/crtbegin.o
 .jcr           0x1fff80c8        0x4 c:/program files (x86)/cypress/psoc creator/4.2/psoc creator/import/gnu/arm/5.4.1/bin/../lib/gcc/arm-none-eabi/5.4.1/armv7-m/crtend.o
 *(.got.plt)
 *(.got)
 *(.shdata)
 *(.data .data.* .gnu.linkonce.d.*)
 .data          0x1fff80cc       0x1a .\CortexM3\ARM_GCC_541\Debug\HardwareTask1.a(USBUART_1_cdc.o)
                0x1fff80cc                USBUART_1_linesCoding
 *fill*         0x1fff80e6        0x2 
 .data          0x1fff80e8       0x10 .\CortexM3\ARM_GCC_541\Debug\HardwareTask1.a(CyLib.o)
                0x1fff80e8                cydelay_32k_ms
                0x1fff80ec                cydelay_freq_khz
                0x1fff80f0                cydelay_freq_mhz
                0x1fff80f4                cydelay_freq_hz
 .data.impure_data
                0x1fff80f8       0x60 c:/program files (x86)/cypress/psoc creator/4.2/psoc creator/import/gnu/arm/5.4.1/bin/../lib/gcc/arm-none-eabi/5.4.1/../../../../arm-none-eabi/lib/armv7-m\libg_nano.a(lib_a-impure.o)
 .data._impure_ptr
                0x1fff8158        0x4 c:/program files (x86)/cypress/psoc creator/4.2/psoc creator/import/gnu/arm/5.4.1/bin/../lib/gcc/arm-none-eabi/5.4.1/../../../../arm-none-eabi/lib/armv7-m\libg_nano.a(lib_a-impure.o)
                0x1fff8158                _impure_ptr
                0x1fff8160                . = ALIGN (0x8)
 *fill*         0x1fff815c        0x4 
 *(.ram)
                0x1fff8160                _edata = .

.igot.plt       0x1fff8160        0x0 load address 0x00001c90
 .igot.plt      0x1fff8160        0x0 c:/program files (x86)/cypress/psoc creator/4.2/psoc creator/import/gnu/arm/5.4.1/bin/../lib/gcc/arm-none-eabi/5.4.1/armv7-m/crtbegin.o

.bss            0x1fff8160       0xf8 load address 0x00001c90
                0x1fff8160                PROVIDE (__bss_start__, .)
 *(.shbss)
 *(.bss .bss.* .gnu.linkonce.b.*)
 .bss           0x1fff8160       0x1c c:/program files (x86)/cypress/psoc creator/4.2/psoc creator/import/gnu/arm/5.4.1/bin/../lib/gcc/arm-none-eabi/5.4.1/armv7-m/crtbegin.o
 .bss           0x1fff817c        0x1 .\CortexM3\ARM_GCC_541\Debug\HardwareTask1.a(USBUART_1.o)
                0x1fff817c                USBUART_1_initVar
 .bss           0x1fff817d        0x1 .\CortexM3\ARM_GCC_541\Debug\HardwareTask1.a(USBUART_1_cdc.o)
 *fill*         0x1fff817e        0x2 
 .bss           0x1fff8180        0x2 .\CortexM3\ARM_GCC_541\Debug\HardwareTask1.a(USBUART_1_std.o)
 *(COMMON)
 *fill*         0x1fff8182        0x2 
 COMMON         0x1fff8184       0x18 .\CortexM3\ARM_GCC_541\Debug\HardwareTask1.a(USBUART_1_cdc.o)
                0x1fff8184                USBUART_1_cdcDataInEp
                0x1fff8188                USBUART_1_cdcDataOutEp
                0x1fff818c                USBUART_1_cdcCommInInterruptEp
                0x1fff8190                USBUART_1_serialStateBitmap
                0x1fff8194                USBUART_1_linesChanged
                0x1fff8198                USBUART_1_linesControlBitmap
 COMMON         0x1fff819c       0x97 .\CortexM3\ARM_GCC_541\Debug\HardwareTask1.a(USBUART_1_drv.o)
                0x1fff819c                USBUART_1_interfaceSettingLast
                0x1fff819e                USBUART_1_ep0Mode
                0x1fff819f                USBUART_1_lastPacketSize
                0x1fff81a0                USBUART_1_configurationChanged
                0x1fff81a1                USBUART_1_configuration
                0x1fff81a2                USBUART_1_interfaceNumber
                0x1fff81a3                USBUART_1_deviceStatus
                0x1fff81a4                USBUART_1_ep0Toggle
                0x1fff81a8                USBUART_1_interfaceClass
                0x1fff81ac                USBUART_1_interfaceSetting
                0x1fff81b0                USBUART_1_currentTD
                0x1fff81bc                USBUART_1_ep0Count
                0x1fff81c0                USBUART_1_EP
                0x1fff822c                USBUART_1_transferByteCount
                0x1fff822e                USBUART_1_transferState
                0x1fff822f                USBUART_1_device
                0x1fff8230                USBUART_1_interfaceStatus
                0x1fff8232                USBUART_1_deviceAddress
 *fill*         0x1fff8233        0x1 
 COMMON         0x1fff8234       0x22 .\CortexM3\ARM_GCC_541\Debug\HardwareTask1.a(USBUART_1_descr.o)
                0x1fff8234                USBUART_1_idSerialNumberStringDescriptor
                0x1fff8258                . = ALIGN (0x8)
 *fill*         0x1fff8256        0x2 
 *(.ram.b)
                0x1fff8258                _end = .
                0x1fff8258                __end = .
                0x1fff8258                PROVIDE (end, .)
                0x1fff8258                PROVIDE (__bss_end__, .)
                0x00001bf8                __cy_region_init_ram = LOADADDR (.data)
                0x00000098                __cy_region_init_size_ram = (_edata - ADDR (.data))
                0x000000f8                __cy_region_zero_size_ram = (_end - _edata)

.heap           0x1fff8258       0x80 load address 0x00001c90
                0x1fff8258                . = _end
                0x1fff82d8                . = (. + 0x80)
 *fill*         0x1fff8258       0x80 
                0x1fff82d8                __cy_heap_limit = .

.stack          0x20007800      0x800
                0x20007800                __cy_stack_limit = .
                0x20008000                . = (. + 0x800)
 *fill*         0x20007800      0x800 
                0x00000001                ASSERT ((__cy_stack_limit >= __cy_heap_limit), region RAM overflowed with stack)
                0x00000000                cy_checksum_exclude_size = (CY_APPL_LOADABLE == 0x1)?SIZEOF (.cy_checksum_exclude):0x0
                0x00000001                ASSERT ((cy_checksum_exclude_size <= CY_CHECKSUM_EXCLUDE_SIZE), CY_BOOT: Section .cy_checksum_exclude size exceedes specified limit.)

.cyloadermeta
 *(.cyloadermeta)

.cyloadablemeta
 *(.cyloadablemeta)

.cyconfigecc    0x80000000      0x100
 *(.cyconfigecc)
 .cyconfigecc   0x80000000      0x100 .\CortexM3\ARM_GCC_541\Debug\cymetadata.o
                0x80000000                cy_meta_configecc

.cycustnvl      0x90000000        0x4
 *(.cycustnvl)
 .cycustnvl     0x90000000        0x4 .\CortexM3\ARM_GCC_541\Debug\cymetadata.o
                0x90000000                cy_meta_custnvl

.cywolatch      0x90100000        0x4
 *(.cywolatch)
 .cywolatch     0x90100000        0x4 .\CortexM3\ARM_GCC_541\Debug\cymetadata.o
                0x90100000                cy_meta_wonvl

.cyeeprom       0x90200000        0x0
 *(.cyeeprom)
                0x00000001                ASSERT ((. <= ((0x90200000 + ee_offset) + ee_size)), .cyeeprom data will not fit in EEPROM)

.cyflashprotect
                0x90400000      0x100
 *(.cyflashprotect)
 .cyflashprotect
                0x90400000      0x100 .\CortexM3\ARM_GCC_541\Debug\cymetadata.o
                0x90400000                cy_meta_flashprotect

.cymeta         0x90500000        0xc
 *(.cymeta)
 .cymeta        0x90500000        0xc .\CortexM3\ARM_GCC_541\Debug\cymetadata.o
                0x90500000                cy_metadata

.rel.dyn        0x00001c90        0x0 load address 0x9050000c
 .rel.iplt      0x00001c90        0x0 c:/program files (x86)/cypress/psoc creator/4.2/psoc creator/import/gnu/arm/5.4.1/bin/../lib/gcc/arm-none-eabi/5.4.1/armv7-m/crtbegin.o

.stab
 *(.stab)

.stabstr
 *(.stabstr)

.debug
 *(.debug)

.line
 *(.line)

.debug_srcinfo
 *(.debug_srcinfo)

.debug_sfnames
 *(.debug_sfnames)

.debug_aranges  0x00000000      0xa70
 *(.debug_aranges)
 .debug_aranges
                0x00000000       0x38 .\CortexM3\ARM_GCC_541\Debug\main.o
 .debug_aranges
                0x00000038       0x58 .\CortexM3\ARM_GCC_541\Debug\cyfitter_cfg.o
 .debug_aranges
                0x00000090       0x18 .\CortexM3\ARM_GCC_541\Debug\cymetadata.o
 .debug_aranges
                0x000000a8       0x48 .\CortexM3\ARM_GCC_541\Debug\Cm3Start.o
 .debug_aranges
                0x000000f0       0x98 .\CortexM3\ARM_GCC_541\Debug\HardwareTask1.a(ADC_SAR_1.o)
 .debug_aranges
                0x00000188       0x20 .\CortexM3\ARM_GCC_541\Debug\HardwareTask1.a(ADC_SAR_1_INT.o)
 .debug_aranges
                0x000001a8       0xc8 .\CortexM3\ARM_GCC_541\Debug\HardwareTask1.a(USBUART_1.o)
 .debug_aranges
                0x00000270       0xe8 .\CortexM3\ARM_GCC_541\Debug\HardwareTask1.a(USBUART_1_cdc.o)
 .debug_aranges
                0x00000358       0x98 .\CortexM3\ARM_GCC_541\Debug\HardwareTask1.a(USBUART_1_drv.o)
 .debug_aranges
                0x000003f0       0x40 .\CortexM3\ARM_GCC_541\Debug\HardwareTask1.a(USBUART_1_episr.o)
 .debug_aranges
                0x00000430       0x40 .\CortexM3\ARM_GCC_541\Debug\HardwareTask1.a(USBUART_1_pm.o)
 .debug_aranges
                0x00000470       0x80 .\CortexM3\ARM_GCC_541\Debug\HardwareTask1.a(USBUART_1_std.o)
 .debug_aranges
                0x000004f0       0x20 .\CortexM3\ARM_GCC_541\Debug\HardwareTask1.a(USBUART_1_vnd.o)
 .debug_aranges
                0x00000510       0x80 .\CortexM3\ARM_GCC_541\Debug\HardwareTask1.a(ADC_SAR_1_theACLK.o)
 .debug_aranges
                0x00000590       0x48 .\CortexM3\ARM_GCC_541\Debug\HardwareTask1.a(USBUART_1_Dp.o)
 .debug_aranges
                0x000005d8      0x2a0 .\CortexM3\ARM_GCC_541\Debug\HardwareTask1.a(CyLib.o)
 .debug_aranges
                0x00000878       0x98 .\CortexM3\ARM_GCC_541\Debug\HardwareTask1.a(cyPm.o)
 .debug_aranges
                0x00000910       0x20 .\CortexM3\ARM_GCC_541\Debug\HardwareTask1.a(CyBootAsmGnu.o)
 .debug_aranges
                0x00000930       0x20 .\CortexM3\ARM_GCC_541\Debug\HardwareTask1.a(USBUART_1_cls.o)
 .debug_aranges
                0x00000950       0x18 .\CortexM3\ARM_GCC_541\Debug\HardwareTask1.a(USBUART_1_descr.o)
 .debug_aranges
                0x00000968       0x88 .\CortexM3\ARM_GCC_541\Debug\HardwareTask1.a(CyFlash.o)
 .debug_aranges
                0x000009f0       0x80 .\CortexM3\ARM_GCC_541\Debug\HardwareTask1.a(CySpc.o)

.debug_pubnames
 *(.debug_pubnames)

.debug_info     0x00000000     0x7159
 *(.debug_info .gnu.linkonce.wi.*)
 .debug_info    0x00000000      0x27d .\CortexM3\ARM_GCC_541\Debug\main.o
 .debug_info    0x0000027d      0x528 .\CortexM3\ARM_GCC_541\Debug\cyfitter_cfg.o
 .debug_info    0x000007a5      0x124 .\CortexM3\ARM_GCC_541\Debug\cymetadata.o
 .debug_info    0x000008c9      0x3bb .\CortexM3\ARM_GCC_541\Debug\Cm3Start.o
 .debug_info    0x00000c84      0x59c .\CortexM3\ARM_GCC_541\Debug\HardwareTask1.a(ADC_SAR_1.o)
 .debug_info    0x00001220       0x92 .\CortexM3\ARM_GCC_541\Debug\HardwareTask1.a(ADC_SAR_1_INT.o)
 .debug_info    0x000012b2      0x991 .\CortexM3\ARM_GCC_541\Debug\HardwareTask1.a(USBUART_1.o)
 .debug_info    0x00001c43      0xaf7 .\CortexM3\ARM_GCC_541\Debug\HardwareTask1.a(USBUART_1_cdc.o)
 .debug_info    0x0000273a      0x655 .\CortexM3\ARM_GCC_541\Debug\HardwareTask1.a(USBUART_1_drv.o)
 .debug_info    0x00002d8f      0x254 .\CortexM3\ARM_GCC_541\Debug\HardwareTask1.a(USBUART_1_episr.o)
 .debug_info    0x00002fe3      0x2e4 .\CortexM3\ARM_GCC_541\Debug\HardwareTask1.a(USBUART_1_pm.o)
 .debug_info    0x000032c7      0xb26 .\CortexM3\ARM_GCC_541\Debug\HardwareTask1.a(USBUART_1_std.o)
 .debug_info    0x00003ded       0xed .\CortexM3\ARM_GCC_541\Debug\HardwareTask1.a(USBUART_1_vnd.o)
 .debug_info    0x00003eda      0x2c4 .\CortexM3\ARM_GCC_541\Debug\HardwareTask1.a(ADC_SAR_1_theACLK.o)
 .debug_info    0x0000419e      0x174 .\CortexM3\ARM_GCC_541\Debug\HardwareTask1.a(USBUART_1_Dp.o)
 .debug_info    0x00004312     0x1374 .\CortexM3\ARM_GCC_541\Debug\HardwareTask1.a(CyLib.o)
 .debug_info    0x00005686      0xa2a .\CortexM3\ARM_GCC_541\Debug\HardwareTask1.a(cyPm.o)
 .debug_info    0x000060b0       0x8b .\CortexM3\ARM_GCC_541\Debug\HardwareTask1.a(CyBootAsmGnu.o)
 .debug_info    0x0000613b      0x1de .\CortexM3\ARM_GCC_541\Debug\HardwareTask1.a(USBUART_1_cls.o)
 .debug_info    0x00006319      0x2a3 .\CortexM3\ARM_GCC_541\Debug\HardwareTask1.a(USBUART_1_descr.o)
 .debug_info    0x000065bc      0x64d .\CortexM3\ARM_GCC_541\Debug\HardwareTask1.a(CyFlash.o)
 .debug_info    0x00006c09      0x550 .\CortexM3\ARM_GCC_541\Debug\HardwareTask1.a(CySpc.o)

.debug_abbrev   0x00000000     0x1c8d
 *(.debug_abbrev)
 .debug_abbrev  0x00000000      0x135 .\CortexM3\ARM_GCC_541\Debug\main.o
 .debug_abbrev  0x00000135      0x1fe .\CortexM3\ARM_GCC_541\Debug\cyfitter_cfg.o
 .debug_abbrev  0x00000333       0x5d .\CortexM3\ARM_GCC_541\Debug\cymetadata.o
 .debug_abbrev  0x00000390      0x1e8 .\CortexM3\ARM_GCC_541\Debug\Cm3Start.o
 .debug_abbrev  0x00000578      0x194 .\CortexM3\ARM_GCC_541\Debug\HardwareTask1.a(ADC_SAR_1.o)
 .debug_abbrev  0x0000070c       0x42 .\CortexM3\ARM_GCC_541\Debug\HardwareTask1.a(ADC_SAR_1_INT.o)
 .debug_abbrev  0x0000074e      0x215 .\CortexM3\ARM_GCC_541\Debug\HardwareTask1.a(USBUART_1.o)
 .debug_abbrev  0x00000963      0x245 .\CortexM3\ARM_GCC_541\Debug\HardwareTask1.a(USBUART_1_cdc.o)
 .debug_abbrev  0x00000ba8      0x189 .\CortexM3\ARM_GCC_541\Debug\HardwareTask1.a(USBUART_1_drv.o)
 .debug_abbrev  0x00000d31      0x11b .\CortexM3\ARM_GCC_541\Debug\HardwareTask1.a(USBUART_1_episr.o)
 .debug_abbrev  0x00000e4c      0x108 .\CortexM3\ARM_GCC_541\Debug\HardwareTask1.a(USBUART_1_pm.o)
 .debug_abbrev  0x00000f54      0x20a .\CortexM3\ARM_GCC_541\Debug\HardwareTask1.a(USBUART_1_std.o)
 .debug_abbrev  0x0000115e       0x9b .\CortexM3\ARM_GCC_541\Debug\HardwareTask1.a(USBUART_1_vnd.o)
 .debug_abbrev  0x000011f9      0x121 .\CortexM3\ARM_GCC_541\Debug\HardwareTask1.a(ADC_SAR_1_theACLK.o)
 .debug_abbrev  0x0000131a       0x90 .\CortexM3\ARM_GCC_541\Debug\HardwareTask1.a(USBUART_1_Dp.o)
 .debug_abbrev  0x000013aa      0x254 .\CortexM3\ARM_GCC_541\Debug\HardwareTask1.a(CyLib.o)
 .debug_abbrev  0x000015fe      0x1ab .\CortexM3\ARM_GCC_541\Debug\HardwareTask1.a(cyPm.o)
 .debug_abbrev  0x000017a9       0x14 .\CortexM3\ARM_GCC_541\Debug\HardwareTask1.a(CyBootAsmGnu.o)
 .debug_abbrev  0x000017bd       0xe1 .\CortexM3\ARM_GCC_541\Debug\HardwareTask1.a(USBUART_1_cls.o)
 .debug_abbrev  0x0000189e       0xb4 .\CortexM3\ARM_GCC_541\Debug\HardwareTask1.a(USBUART_1_descr.o)
 .debug_abbrev  0x00001952      0x1a7 .\CortexM3\ARM_GCC_541\Debug\HardwareTask1.a(CyFlash.o)
 .debug_abbrev  0x00001af9      0x194 .\CortexM3\ARM_GCC_541\Debug\HardwareTask1.a(CySpc.o)

.debug_line     0x00000000     0x2c41
 *(.debug_line)
 .debug_line    0x00000000      0x274 .\CortexM3\ARM_GCC_541\Debug\main.o
 .debug_line    0x00000274      0x1e5 .\CortexM3\ARM_GCC_541\Debug\cyfitter_cfg.o
 .debug_line    0x00000459      0x141 .\CortexM3\ARM_GCC_541\Debug\cymetadata.o
 .debug_line    0x0000059a      0x234 .\CortexM3\ARM_GCC_541\Debug\Cm3Start.o
 .debug_line    0x000007ce      0x1fc .\CortexM3\ARM_GCC_541\Debug\HardwareTask1.a(ADC_SAR_1.o)
 .debug_line    0x000009ca       0x56 .\CortexM3\ARM_GCC_541\Debug\HardwareTask1.a(ADC_SAR_1_INT.o)
 .debug_line    0x00000a20      0x2e4 .\CortexM3\ARM_GCC_541\Debug\HardwareTask1.a(USBUART_1.o)
 .debug_line    0x00000d04      0x2f8 .\CortexM3\ARM_GCC_541\Debug\HardwareTask1.a(USBUART_1_cdc.o)
 .debug_line    0x00000ffc      0x227 .\CortexM3\ARM_GCC_541\Debug\HardwareTask1.a(USBUART_1_drv.o)
 .debug_line    0x00001223       0xec .\CortexM3\ARM_GCC_541\Debug\HardwareTask1.a(USBUART_1_episr.o)
 .debug_line    0x0000130f      0x116 .\CortexM3\ARM_GCC_541\Debug\HardwareTask1.a(USBUART_1_pm.o)
 .debug_line    0x00001425      0x3e8 .\CortexM3\ARM_GCC_541\Debug\HardwareTask1.a(USBUART_1_std.o)
 .debug_line    0x0000180d       0x77 .\CortexM3\ARM_GCC_541\Debug\HardwareTask1.a(USBUART_1_vnd.o)
 .debug_line    0x00001884      0x1a3 .\CortexM3\ARM_GCC_541\Debug\HardwareTask1.a(ADC_SAR_1_theACLK.o)
 .debug_line    0x00001a27       0xbd .\CortexM3\ARM_GCC_541\Debug\HardwareTask1.a(USBUART_1_Dp.o)
 .debug_line    0x00001ae4      0x816 .\CortexM3\ARM_GCC_541\Debug\HardwareTask1.a(CyLib.o)
 .debug_line    0x000022fa      0x367 .\CortexM3\ARM_GCC_541\Debug\HardwareTask1.a(cyPm.o)
 .debug_line    0x00002661       0x66 .\CortexM3\ARM_GCC_541\Debug\HardwareTask1.a(CyBootAsmGnu.o)
 .debug_line    0x000026c7       0x9b .\CortexM3\ARM_GCC_541\Debug\HardwareTask1.a(USBUART_1_cls.o)
 .debug_line    0x00002762       0x65 .\CortexM3\ARM_GCC_541\Debug\HardwareTask1.a(USBUART_1_descr.o)
 .debug_line    0x000027c7      0x21a .\CortexM3\ARM_GCC_541\Debug\HardwareTask1.a(CyFlash.o)
 .debug_line    0x000029e1      0x260 .\CortexM3\ARM_GCC_541\Debug\HardwareTask1.a(CySpc.o)

.debug_frame    0x00000000     0x1b9c
 *(.debug_frame)
 .debug_frame   0x00000000       0x88 .\CortexM3\ARM_GCC_541\Debug\main.o
 .debug_frame   0x00000088       0xfc .\CortexM3\ARM_GCC_541\Debug\cyfitter_cfg.o
 .debug_frame   0x00000184       0xb8 .\CortexM3\ARM_GCC_541\Debug\Cm3Start.o
 .debug_frame   0x0000023c      0x194 .\CortexM3\ARM_GCC_541\Debug\HardwareTask1.a(ADC_SAR_1.o)
 .debug_frame   0x000003d0       0x20 .\CortexM3\ARM_GCC_541\Debug\HardwareTask1.a(ADC_SAR_1_INT.o)
 .debug_frame   0x000003f0      0x1dc .\CortexM3\ARM_GCC_541\Debug\HardwareTask1.a(USBUART_1.o)
 .debug_frame   0x000005cc      0x27c .\CortexM3\ARM_GCC_541\Debug\HardwareTask1.a(USBUART_1_cdc.o)
 .debug_frame   0x00000848      0x194 .\CortexM3\ARM_GCC_541\Debug\HardwareTask1.a(USBUART_1_drv.o)
 .debug_frame   0x000009dc       0x6c .\CortexM3\ARM_GCC_541\Debug\HardwareTask1.a(USBUART_1_episr.o)
 .debug_frame   0x00000a48       0xa0 .\CortexM3\ARM_GCC_541\Debug\HardwareTask1.a(USBUART_1_pm.o)
 .debug_frame   0x00000ae8      0x17c .\CortexM3\ARM_GCC_541\Debug\HardwareTask1.a(USBUART_1_std.o)
 .debug_frame   0x00000c64       0x20 .\CortexM3\ARM_GCC_541\Debug\HardwareTask1.a(USBUART_1_vnd.o)
 .debug_frame   0x00000c84      0x100 .\CortexM3\ARM_GCC_541\Debug\HardwareTask1.a(ADC_SAR_1_theACLK.o)
 .debug_frame   0x00000d84       0x70 .\CortexM3\ARM_GCC_541\Debug\HardwareTask1.a(USBUART_1_Dp.o)
 .debug_frame   0x00000df4      0x738 .\CortexM3\ARM_GCC_541\Debug\HardwareTask1.a(CyLib.o)
 .debug_frame   0x0000152c      0x1f8 .\CortexM3\ARM_GCC_541\Debug\HardwareTask1.a(cyPm.o)
 .debug_frame   0x00001724       0x2c .\CortexM3\ARM_GCC_541\Debug\HardwareTask1.a(USBUART_1_cls.o)
 .debug_frame   0x00001750      0x194 .\CortexM3\ARM_GCC_541\Debug\HardwareTask1.a(CyFlash.o)
 .debug_frame   0x000018e4      0x180 .\CortexM3\ARM_GCC_541\Debug\HardwareTask1.a(CySpc.o)
 .debug_frame   0x00001a64       0x44 c:/program files (x86)/cypress/psoc creator/4.2/psoc creator/import/gnu/arm/5.4.1/bin/../lib/gcc/arm-none-eabi/5.4.1/armv7-m\libgcc.a(_aeabi_ldivmod.o)
 .debug_frame   0x00001aa8       0x38 c:/program files (x86)/cypress/psoc creator/4.2/psoc creator/import/gnu/arm/5.4.1/bin/../lib/gcc/arm-none-eabi/5.4.1/armv7-m\libgcc.a(_udivmoddi4.o)
 .debug_frame   0x00001ae0       0x20 c:/program files (x86)/cypress/psoc creator/4.2/psoc creator/import/gnu/arm/5.4.1/bin/../lib/gcc/arm-none-eabi/5.4.1/../../../../arm-none-eabi/lib/armv7-m\libg_nano.a(lib_a-errno.o)
 .debug_frame   0x00001b00       0x28 c:/program files (x86)/cypress/psoc creator/4.2/psoc creator/import/gnu/arm/5.4.1/bin/../lib/gcc/arm-none-eabi/5.4.1/../../../../arm-none-eabi/lib/armv7-m\libg_nano.a(lib_a-exit.o)
 .debug_frame   0x00001b28       0x2c c:/program files (x86)/cypress/psoc creator/4.2/psoc creator/import/gnu/arm/5.4.1/bin/../lib/gcc/arm-none-eabi/5.4.1/../../../../arm-none-eabi/lib/armv7-m\libg_nano.a(lib_a-init.o)
 .debug_frame   0x00001b54       0x28 c:/program files (x86)/cypress/psoc creator/4.2/psoc creator/import/gnu/arm/5.4.1/bin/../lib/gcc/arm-none-eabi/5.4.1/../../../../arm-none-eabi/lib/armv7-m\libg_nano.a(lib_a-memcpy-stub.o)
 .debug_frame   0x00001b7c       0x20 c:/program files (x86)/cypress/psoc creator/4.2/psoc creator/import/gnu/arm/5.4.1/bin/../lib/gcc/arm-none-eabi/5.4.1/../../../../arm-none-eabi/lib/armv7-m\libg_nano.a(lib_a-memset.o)

.debug_str      0x00000000     0x2a5d
 *(.debug_str)
 .debug_str     0x00000000      0x21d .\CortexM3\ARM_GCC_541\Debug\main.o
                                0x282 (size before relaxing)
 .debug_str     0x0000021d      0x17c .\CortexM3\ARM_GCC_541\Debug\cyfitter_cfg.o
                                0x314 (size before relaxing)
 .debug_str     0x00000399       0x75 .\CortexM3\ARM_GCC_541\Debug\cymetadata.o
                                0x1df (size before relaxing)
 .debug_str     0x0000040e      0x144 .\CortexM3\ARM_GCC_541\Debug\Cm3Start.o
                                0x305 (size before relaxing)
 .debug_str     0x00000552      0x28c .\CortexM3\ARM_GCC_541\Debug\HardwareTask1.a(ADC_SAR_1.o)
                                0x48b (size before relaxing)
 .debug_str     0x000007de       0x35 .\CortexM3\ARM_GCC_541\Debug\HardwareTask1.a(ADC_SAR_1_INT.o)
                                0x196 (size before relaxing)
 .debug_str     0x00000813      0x476 .\CortexM3\ARM_GCC_541\Debug\HardwareTask1.a(USBUART_1.o)
                                0x6b5 (size before relaxing)
 .debug_str     0x00000c89      0x551 .\CortexM3\ARM_GCC_541\Debug\HardwareTask1.a(USBUART_1_cdc.o)
                                0x836 (size before relaxing)
 .debug_str     0x000011da      0x2c1 .\CortexM3\ARM_GCC_541\Debug\HardwareTask1.a(USBUART_1_drv.o)
                                0x697 (size before relaxing)
 .debug_str     0x0000149b       0x8c .\CortexM3\ARM_GCC_541\Debug\HardwareTask1.a(USBUART_1_episr.o)
                                0x2f0 (size before relaxing)
 .debug_str     0x00001527       0xe6 .\CortexM3\ARM_GCC_541\Debug\HardwareTask1.a(USBUART_1_pm.o)
                                0x303 (size before relaxing)
 .debug_str     0x0000160d      0x292 .\CortexM3\ARM_GCC_541\Debug\HardwareTask1.a(USBUART_1_std.o)
                                0x80c (size before relaxing)
 .debug_str     0x0000189f       0x27 .\CortexM3\ARM_GCC_541\Debug\HardwareTask1.a(USBUART_1_vnd.o)
                                0x1ee (size before relaxing)
 .debug_str     0x000018c6      0x207 .\CortexM3\ARM_GCC_541\Debug\HardwareTask1.a(ADC_SAR_1_theACLK.o)
                                0x3b0 (size before relaxing)
 .debug_str     0x00001acd       0xb0 .\CortexM3\ARM_GCC_541\Debug\HardwareTask1.a(USBUART_1_Dp.o)
                                0x24a (size before relaxing)
 .debug_str     0x00001b7d      0x7db .\CortexM3\ARM_GCC_541\Debug\HardwareTask1.a(CyLib.o)
                                0xa42 (size before relaxing)
 .debug_str     0x00002358      0x365 .\CortexM3\ARM_GCC_541\Debug\HardwareTask1.a(cyPm.o)
                                0x72e (size before relaxing)
 .debug_str     0x000026bd       0x27 .\CortexM3\ARM_GCC_541\Debug\HardwareTask1.a(USBUART_1_cls.o)
                                0x2b5 (size before relaxing)
 .debug_str     0x000026e4      0x112 .\CortexM3\ARM_GCC_541\Debug\HardwareTask1.a(USBUART_1_descr.o)
                                0x36e (size before relaxing)
 .debug_str     0x000027f6      0x1bb .\CortexM3\ARM_GCC_541\Debug\HardwareTask1.a(CyFlash.o)
                                0x3bb (size before relaxing)
 .debug_str     0x000029b1       0xac .\CortexM3\ARM_GCC_541\Debug\HardwareTask1.a(CySpc.o)
                                0x333 (size before relaxing)

.debug_loc      0x00000000     0x332c
 *(.debug_loc)
 .debug_loc     0x00000000       0x5b .\CortexM3\ARM_GCC_541\Debug\main.o
 .debug_loc     0x0000005b      0x1fd .\CortexM3\ARM_GCC_541\Debug\cyfitter_cfg.o
 .debug_loc     0x00000258      0x144 .\CortexM3\ARM_GCC_541\Debug\Cm3Start.o
 .debug_loc     0x0000039c      0x295 .\CortexM3\ARM_GCC_541\Debug\HardwareTask1.a(ADC_SAR_1.o)
 .debug_loc     0x00000631      0x3e1 .\CortexM3\ARM_GCC_541\Debug\HardwareTask1.a(USBUART_1.o)
 .debug_loc     0x00000a12      0x557 .\CortexM3\ARM_GCC_541\Debug\HardwareTask1.a(USBUART_1_cdc.o)
 .debug_loc     0x00000f69      0x171 .\CortexM3\ARM_GCC_541\Debug\HardwareTask1.a(USBUART_1_drv.o)
 .debug_loc     0x000010da       0x26 .\CortexM3\ARM_GCC_541\Debug\HardwareTask1.a(USBUART_1_pm.o)
 .debug_loc     0x00001100      0x945 .\CortexM3\ARM_GCC_541\Debug\HardwareTask1.a(USBUART_1_std.o)
 .debug_loc     0x00001a45      0x14d .\CortexM3\ARM_GCC_541\Debug\HardwareTask1.a(ADC_SAR_1_theACLK.o)
 .debug_loc     0x00001b92       0x84 .\CortexM3\ARM_GCC_541\Debug\HardwareTask1.a(USBUART_1_Dp.o)
 .debug_loc     0x00001c16      0xa11 .\CortexM3\ARM_GCC_541\Debug\HardwareTask1.a(CyLib.o)
 .debug_loc     0x00002627      0x1e4 .\CortexM3\ARM_GCC_541\Debug\HardwareTask1.a(cyPm.o)
 .debug_loc     0x0000280b       0x6a .\CortexM3\ARM_GCC_541\Debug\HardwareTask1.a(USBUART_1_cls.o)
 .debug_loc     0x00002875      0x3b2 .\CortexM3\ARM_GCC_541\Debug\HardwareTask1.a(CyFlash.o)
 .debug_loc     0x00002c27      0x705 .\CortexM3\ARM_GCC_541\Debug\HardwareTask1.a(CySpc.o)

.debug_macinfo
 *(.debug_macinfo)

.debug_ranges   0x00000000      0x908
 *(.debug_ranges)
 .debug_ranges  0x00000000       0x28 .\CortexM3\ARM_GCC_541\Debug\main.o
 .debug_ranges  0x00000028       0x48 .\CortexM3\ARM_GCC_541\Debug\cyfitter_cfg.o
 .debug_ranges  0x00000070       0x38 .\CortexM3\ARM_GCC_541\Debug\Cm3Start.o
 .debug_ranges  0x000000a8       0x88 .\CortexM3\ARM_GCC_541\Debug\HardwareTask1.a(ADC_SAR_1.o)
 .debug_ranges  0x00000130       0x10 .\CortexM3\ARM_GCC_541\Debug\HardwareTask1.a(ADC_SAR_1_INT.o)
 .debug_ranges  0x00000140       0xd0 .\CortexM3\ARM_GCC_541\Debug\HardwareTask1.a(USBUART_1.o)
 .debug_ranges  0x00000210       0xd8 .\CortexM3\ARM_GCC_541\Debug\HardwareTask1.a(USBUART_1_cdc.o)
 .debug_ranges  0x000002e8       0x88 .\CortexM3\ARM_GCC_541\Debug\HardwareTask1.a(USBUART_1_drv.o)
 .debug_ranges  0x00000370       0x30 .\CortexM3\ARM_GCC_541\Debug\HardwareTask1.a(USBUART_1_episr.o)
 .debug_ranges  0x000003a0       0x30 .\CortexM3\ARM_GCC_541\Debug\HardwareTask1.a(USBUART_1_pm.o)
 .debug_ranges  0x000003d0       0x70 .\CortexM3\ARM_GCC_541\Debug\HardwareTask1.a(USBUART_1_std.o)
 .debug_ranges  0x00000440       0x10 .\CortexM3\ARM_GCC_541\Debug\HardwareTask1.a(USBUART_1_vnd.o)
 .debug_ranges  0x00000450       0x70 .\CortexM3\ARM_GCC_541\Debug\HardwareTask1.a(ADC_SAR_1_theACLK.o)
 .debug_ranges  0x000004c0       0x38 .\CortexM3\ARM_GCC_541\Debug\HardwareTask1.a(USBUART_1_Dp.o)
 .debug_ranges  0x000004f8      0x290 .\CortexM3\ARM_GCC_541\Debug\HardwareTask1.a(CyLib.o)
 .debug_ranges  0x00000788       0x88 .\CortexM3\ARM_GCC_541\Debug\HardwareTask1.a(cyPm.o)
 .debug_ranges  0x00000810       0x10 .\CortexM3\ARM_GCC_541\Debug\HardwareTask1.a(USBUART_1_cls.o)
 .debug_ranges  0x00000820       0x78 .\CortexM3\ARM_GCC_541\Debug\HardwareTask1.a(CyFlash.o)
 .debug_ranges  0x00000898       0x70 .\CortexM3\ARM_GCC_541\Debug\HardwareTask1.a(CySpc.o)

.comment        0x00000000       0x6e
 .comment       0x00000000       0x6e .\CortexM3\ARM_GCC_541\Debug\main.o
                                 0x6f (size before relaxing)
 .comment       0x0000006e       0x6f .\CortexM3\ARM_GCC_541\Debug\cyfitter_cfg.o
 .comment       0x0000006e       0x6f .\CortexM3\ARM_GCC_541\Debug\cymetadata.o
 .comment       0x0000006e       0x6f .\CortexM3\ARM_GCC_541\Debug\Cm3Start.o
 .comment       0x0000006e       0x6f .\CortexM3\ARM_GCC_541\Debug\HardwareTask1.a(ADC_SAR_1.o)
 .comment       0x0000006e       0x6f .\CortexM3\ARM_GCC_541\Debug\HardwareTask1.a(ADC_SAR_1_INT.o)
 .comment       0x0000006e       0x6f .\CortexM3\ARM_GCC_541\Debug\HardwareTask1.a(USBUART_1.o)
 .comment       0x0000006e       0x6f .\CortexM3\ARM_GCC_541\Debug\HardwareTask1.a(USBUART_1_cdc.o)
 .comment       0x0000006e       0x6f .\CortexM3\ARM_GCC_541\Debug\HardwareTask1.a(USBUART_1_drv.o)
 .comment       0x0000006e       0x6f .\CortexM3\ARM_GCC_541\Debug\HardwareTask1.a(USBUART_1_episr.o)
 .comment       0x0000006e       0x6f .\CortexM3\ARM_GCC_541\Debug\HardwareTask1.a(USBUART_1_pm.o)
 .comment       0x0000006e       0x6f .\CortexM3\ARM_GCC_541\Debug\HardwareTask1.a(USBUART_1_std.o)
 .comment       0x0000006e       0x6f .\CortexM3\ARM_GCC_541\Debug\HardwareTask1.a(USBUART_1_vnd.o)
 .comment       0x0000006e       0x6f .\CortexM3\ARM_GCC_541\Debug\HardwareTask1.a(ADC_SAR_1_theACLK.o)
 .comment       0x0000006e       0x6f .\CortexM3\ARM_GCC_541\Debug\HardwareTask1.a(USBUART_1_Dp.o)
 .comment       0x0000006e       0x6f .\CortexM3\ARM_GCC_541\Debug\HardwareTask1.a(CyLib.o)
 .comment       0x0000006e       0x6f .\CortexM3\ARM_GCC_541\Debug\HardwareTask1.a(cyPm.o)
 .comment       0x0000006e       0x6f .\CortexM3\ARM_GCC_541\Debug\HardwareTask1.a(USBUART_1_cls.o)
 .comment       0x0000006e       0x6f .\CortexM3\ARM_GCC_541\Debug\HardwareTask1.a(USBUART_1_descr.o)
 .comment       0x0000006e       0x6f .\CortexM3\ARM_GCC_541\Debug\HardwareTask1.a(CyFlash.o)
 .comment       0x0000006e       0x6f .\CortexM3\ARM_GCC_541\Debug\HardwareTask1.a(CySpc.o)

.debug_weaknames
 *(.debug_weaknames)

.debug_funcnames
 *(.debug_funcnames)

.debug_typenames
 *(.debug_typenames)

.debug_varnames
 *(.debug_varnames)

.note.gnu.arm.ident
 *(.note.gnu.arm.ident)

.ARM.attributes
                0x00000000       0x29
 *(.ARM.attributes)
 .ARM.attributes
                0x00000000       0x1d c:/program files (x86)/cypress/psoc creator/4.2/psoc creator/import/gnu/arm/5.4.1/bin/../lib/gcc/arm-none-eabi/5.4.1/armv7-m/crti.o
 .ARM.attributes
                0x0000001d       0x2d c:/program files (x86)/cypress/psoc creator/4.2/psoc creator/import/gnu/arm/5.4.1/bin/../lib/gcc/arm-none-eabi/5.4.1/armv7-m/crtbegin.o
 .ARM.attributes
                0x0000004a       0x1b c:/program files (x86)/cypress/psoc creator/4.2/psoc creator/import/gnu/arm/5.4.1/bin/../lib/gcc/arm-none-eabi/5.4.1/../../../../arm-none-eabi/lib/armv7-m/crt0.o
 .ARM.attributes
                0x00000065       0x33 .\CortexM3\ARM_GCC_541\Debug\main.o
 .ARM.attributes
                0x00000098       0x33 .\CortexM3\ARM_GCC_541\Debug\cyfitter_cfg.o
 .ARM.attributes
                0x000000cb       0x33 .\CortexM3\ARM_GCC_541\Debug\cymetadata.o
 .ARM.attributes
                0x000000fe       0x33 .\CortexM3\ARM_GCC_541\Debug\Cm3Start.o
 .ARM.attributes
                0x00000131       0x33 .\CortexM3\ARM_GCC_541\Debug\HardwareTask1.a(ADC_SAR_1.o)
 .ARM.attributes
                0x00000164       0x33 .\CortexM3\ARM_GCC_541\Debug\HardwareTask1.a(ADC_SAR_1_INT.o)
 .ARM.attributes
                0x00000197       0x33 .\CortexM3\ARM_GCC_541\Debug\HardwareTask1.a(USBUART_1.o)
 .ARM.attributes
                0x000001ca       0x33 .\CortexM3\ARM_GCC_541\Debug\HardwareTask1.a(USBUART_1_cdc.o)
 .ARM.attributes
                0x000001fd       0x33 .\CortexM3\ARM_GCC_541\Debug\HardwareTask1.a(USBUART_1_drv.o)
 .ARM.attributes
                0x00000230       0x33 .\CortexM3\ARM_GCC_541\Debug\HardwareTask1.a(USBUART_1_episr.o)
 .ARM.attributes
                0x00000263       0x33 .\CortexM3\ARM_GCC_541\Debug\HardwareTask1.a(USBUART_1_pm.o)
 .ARM.attributes
                0x00000296       0x33 .\CortexM3\ARM_GCC_541\Debug\HardwareTask1.a(USBUART_1_std.o)
 .ARM.attributes
                0x000002c9       0x33 .\CortexM3\ARM_GCC_541\Debug\HardwareTask1.a(USBUART_1_vnd.o)
 .ARM.attributes
                0x000002fc       0x33 .\CortexM3\ARM_GCC_541\Debug\HardwareTask1.a(ADC_SAR_1_theACLK.o)
 .ARM.attributes
                0x0000032f       0x33 .\CortexM3\ARM_GCC_541\Debug\HardwareTask1.a(USBUART_1_Dp.o)
 .ARM.attributes
                0x00000362       0x33 .\CortexM3\ARM_GCC_541\Debug\HardwareTask1.a(CyLib.o)
 .ARM.attributes
                0x00000395       0x33 .\CortexM3\ARM_GCC_541\Debug\HardwareTask1.a(cyPm.o)
 .ARM.attributes
                0x000003c8       0x21 .\CortexM3\ARM_GCC_541\Debug\HardwareTask1.a(CyBootAsmGnu.o)
 .ARM.attributes
                0x000003e9       0x33 .\CortexM3\ARM_GCC_541\Debug\HardwareTask1.a(USBUART_1_cls.o)
 .ARM.attributes
                0x0000041c       0x33 .\CortexM3\ARM_GCC_541\Debug\HardwareTask1.a(USBUART_1_descr.o)
 .ARM.attributes
                0x0000044f       0x33 .\CortexM3\ARM_GCC_541\Debug\HardwareTask1.a(CyFlash.o)
 .ARM.attributes
                0x00000482       0x33 .\CortexM3\ARM_GCC_541\Debug\HardwareTask1.a(CySpc.o)
 .ARM.attributes
                0x000004b5       0x1d c:/program files (x86)/cypress/psoc creator/4.2/psoc creator/import/gnu/arm/5.4.1/bin/../lib/gcc/arm-none-eabi/5.4.1/armv7-m\libgcc.a(_arm_addsubsf3.o)
 .ARM.attributes
                0x000004d2       0x1d c:/program files (x86)/cypress/psoc creator/4.2/psoc creator/import/gnu/arm/5.4.1/bin/../lib/gcc/arm-none-eabi/5.4.1/armv7-m\libgcc.a(_arm_muldivsf3.o)
 .ARM.attributes
                0x000004ef       0x1d c:/program files (x86)/cypress/psoc creator/4.2/psoc creator/import/gnu/arm/5.4.1/bin/../lib/gcc/arm-none-eabi/5.4.1/armv7-m\libgcc.a(_aeabi_ldivmod.o)
 .ARM.attributes
                0x0000050c       0x2d c:/program files (x86)/cypress/psoc creator/4.2/psoc creator/import/gnu/arm/5.4.1/bin/../lib/gcc/arm-none-eabi/5.4.1/armv7-m\libgcc.a(_udivmoddi4.o)
 .ARM.attributes
                0x00000539       0x1d c:/program files (x86)/cypress/psoc creator/4.2/psoc creator/import/gnu/arm/5.4.1/bin/../lib/gcc/arm-none-eabi/5.4.1/armv7-m\libgcc.a(_dvmd_tls.o)
 .ARM.attributes
                0x00000556       0x2d c:/program files (x86)/cypress/psoc creator/4.2/psoc creator/import/gnu/arm/5.4.1/bin/../lib/gcc/arm-none-eabi/5.4.1/../../../../arm-none-eabi/lib/armv7-m\libg_nano.a(lib_a-errno.o)
 .ARM.attributes
                0x00000583       0x2d c:/program files (x86)/cypress/psoc creator/4.2/psoc creator/import/gnu/arm/5.4.1/bin/../lib/gcc/arm-none-eabi/5.4.1/../../../../arm-none-eabi/lib/armv7-m\libg_nano.a(lib_a-exit.o)
 .ARM.attributes
                0x000005b0       0x2d c:/program files (x86)/cypress/psoc creator/4.2/psoc creator/import/gnu/arm/5.4.1/bin/../lib/gcc/arm-none-eabi/5.4.1/../../../../arm-none-eabi/lib/armv7-m\libg_nano.a(lib_a-impure.o)
 .ARM.attributes
                0x000005dd       0x2d c:/program files (x86)/cypress/psoc creator/4.2/psoc creator/import/gnu/arm/5.4.1/bin/../lib/gcc/arm-none-eabi/5.4.1/../../../../arm-none-eabi/lib/armv7-m\libg_nano.a(lib_a-init.o)
 .ARM.attributes
                0x0000060a       0x2d c:/program files (x86)/cypress/psoc creator/4.2/psoc creator/import/gnu/arm/5.4.1/bin/../lib/gcc/arm-none-eabi/5.4.1/../../../../arm-none-eabi/lib/armv7-m\libg_nano.a(lib_a-memcpy-stub.o)
 .ARM.attributes
                0x00000637       0x2d c:/program files (x86)/cypress/psoc creator/4.2/psoc creator/import/gnu/arm/5.4.1/bin/../lib/gcc/arm-none-eabi/5.4.1/../../../../arm-none-eabi/lib/armv7-m\libg_nano.a(lib_a-memset.o)
 .ARM.attributes
                0x00000664       0x2d c:/program files (x86)/cypress/psoc creator/4.2/psoc creator/import/gnu/arm/5.4.1/bin/../lib/gcc/arm-none-eabi/5.4.1/armv7-m/crtend.o
 .ARM.attributes
                0x00000691       0x1d c:/program files (x86)/cypress/psoc creator/4.2/psoc creator/import/gnu/arm/5.4.1/bin/../lib/gcc/arm-none-eabi/5.4.1/armv7-m/crtn.o

/DISCARD/
 *(.note.GNU-stack)
OUTPUT(H:\Documents\301_Project\Hardware Task 1\HardwareTask1.cydsn\CortexM3\ARM_GCC_541\Debug\HardwareTask1.elf elf32-littlearm)
