Archive member included to satisfy reference by file (symbol)

.\CortexM3\ARM_GCC_541\Debug\HardwareTask1.a(ADC_SAR_1.o)
                              .\CortexM3\ARM_GCC_541\Debug\main.o (ADC_SAR_1_Start)
.\CortexM3\ARM_GCC_541\Debug\HardwareTask1.a(ADC_SAR_1_INT.o)
                              .\CortexM3\ARM_GCC_541\Debug\HardwareTask1.a(ADC_SAR_1.o) (ADC_SAR_1_ISR)
.\CortexM3\ARM_GCC_541\Debug\HardwareTask1.a(VDAC8_1.o)
                              .\CortexM3\ARM_GCC_541\Debug\main.o (VDAC8_1_SetValue)
.\CortexM3\ARM_GCC_541\Debug\HardwareTask1.a(Timer_1.o)
                              .\CortexM3\ARM_GCC_541\Debug\main.o (Timer_1_Start)
.\CortexM3\ARM_GCC_541\Debug\HardwareTask1.a(USBUART_1.o)
                              .\CortexM3\ARM_GCC_541\Debug\main.o (USBUART_1_Start)
.\CortexM3\ARM_GCC_541\Debug\HardwareTask1.a(USBUART_1_cdc.o)
                              .\CortexM3\ARM_GCC_541\Debug\main.o (USBUART_1_PutData)
.\CortexM3\ARM_GCC_541\Debug\HardwareTask1.a(USBUART_1_drv.o)
                              .\CortexM3\ARM_GCC_541\Debug\HardwareTask1.a(USBUART_1.o) (USBUART_1_lastPacketSize)
.\CortexM3\ARM_GCC_541\Debug\HardwareTask1.a(USBUART_1_episr.o)
                              .\CortexM3\ARM_GCC_541\Debug\HardwareTask1.a(USBUART_1.o) (USBUART_1_EP_1_ISR)
.\CortexM3\ARM_GCC_541\Debug\HardwareTask1.a(USBUART_1_pm.o)
                              .\CortexM3\ARM_GCC_541\Debug\HardwareTask1.a(USBUART_1.o) (USBUART_1_DP_ISR)
.\CortexM3\ARM_GCC_541\Debug\HardwareTask1.a(USBUART_1_std.o)
                              .\CortexM3\ARM_GCC_541\Debug\HardwareTask1.a(USBUART_1_pm.o) (USBUART_1_ConfigReg)
.\CortexM3\ARM_GCC_541\Debug\HardwareTask1.a(USBUART_1_vnd.o)
                              .\CortexM3\ARM_GCC_541\Debug\HardwareTask1.a(USBUART_1_drv.o) (USBUART_1_HandleVendorRqst)
.\CortexM3\ARM_GCC_541\Debug\HardwareTask1.a(ADC_SAR_1_theACLK.o)
                              .\CortexM3\ARM_GCC_541\Debug\HardwareTask1.a(ADC_SAR_1.o) (ADC_SAR_1_theACLK_SetModeRegister)
.\CortexM3\ARM_GCC_541\Debug\HardwareTask1.a(USBUART_1_Dp.o)
                              .\CortexM3\ARM_GCC_541\Debug\HardwareTask1.a(USBUART_1.o) (USBUART_1_Dp_ClearInterrupt)
.\CortexM3\ARM_GCC_541\Debug\HardwareTask1.a(CyLib.o)
                              .\CortexM3\ARM_GCC_541\Debug\Cm3Start.o (CyHalt)
.\CortexM3\ARM_GCC_541\Debug\HardwareTask1.a(cyPm.o)
                              .\CortexM3\ARM_GCC_541\Debug\HardwareTask1.a(CyLib.o) (CyPmReadStatus)
.\CortexM3\ARM_GCC_541\Debug\HardwareTask1.a(ADC_Finished_Interrupt.o)
                              .\CortexM3\ARM_GCC_541\Debug\main.o (ADC_Finished_Interrupt_StartEx)
.\CortexM3\ARM_GCC_541\Debug\HardwareTask1.a(CyBootAsmGnu.o)
                              .\CortexM3\ARM_GCC_541\Debug\cyfitter_cfg.o (CyDelayCycles)
.\CortexM3\ARM_GCC_541\Debug\HardwareTask1.a(USBUART_1_cls.o)
                              .\CortexM3\ARM_GCC_541\Debug\HardwareTask1.a(USBUART_1_drv.o) (USBUART_1_DispatchClassRqst)
.\CortexM3\ARM_GCC_541\Debug\HardwareTask1.a(USBUART_1_descr.o)
                              .\CortexM3\ARM_GCC_541\Debug\HardwareTask1.a(USBUART_1_std.o) (USBUART_1_idSerialNumberStringDescriptor)
.\CortexM3\ARM_GCC_541\Debug\HardwareTask1.a(CyFlash.o)
                              .\CortexM3\ARM_GCC_541\Debug\HardwareTask1.a(cyPm.o) (CyFlash_SetWaitCycles)
.\CortexM3\ARM_GCC_541\Debug\HardwareTask1.a(CySpc.o)
                              .\CortexM3\ARM_GCC_541\Debug\HardwareTask1.a(CyFlash.o) (CySpcStart)
c:/program files (x86)/cypress/psoc creator/4.2/psoc creator/import/gnu/arm/5.4.1/bin/../lib/gcc/arm-none-eabi/5.4.1/armv7-m\libgcc.a(_arm_addsubsf3.o)
                              .\CortexM3\ARM_GCC_541\Debug\HardwareTask1.a(ADC_SAR_1.o) (__aeabi_i2f)
c:/program files (x86)/cypress/psoc creator/4.2/psoc creator/import/gnu/arm/5.4.1/bin/../lib/gcc/arm-none-eabi/5.4.1/armv7-m\libgcc.a(_arm_muldivsf3.o)
                              .\CortexM3\ARM_GCC_541\Debug\HardwareTask1.a(ADC_SAR_1.o) (__aeabi_fmul)
c:/program files (x86)/cypress/psoc creator/4.2/psoc creator/import/gnu/arm/5.4.1/bin/../lib/gcc/arm-none-eabi/5.4.1/armv7-m\libgcc.a(_aeabi_ldivmod.o)
                              .\CortexM3\ARM_GCC_541\Debug\HardwareTask1.a(ADC_SAR_1.o) (__aeabi_ldivmod)
c:/program files (x86)/cypress/psoc creator/4.2/psoc creator/import/gnu/arm/5.4.1/bin/../lib/gcc/arm-none-eabi/5.4.1/armv7-m\libgcc.a(_udivmoddi4.o)
                              c:/program files (x86)/cypress/psoc creator/4.2/psoc creator/import/gnu/arm/5.4.1/bin/../lib/gcc/arm-none-eabi/5.4.1/armv7-m\libgcc.a(_aeabi_ldivmod.o) (__udivmoddi4)
c:/program files (x86)/cypress/psoc creator/4.2/psoc creator/import/gnu/arm/5.4.1/bin/../lib/gcc/arm-none-eabi/5.4.1/armv7-m\libgcc.a(_dvmd_tls.o)
                              c:/program files (x86)/cypress/psoc creator/4.2/psoc creator/import/gnu/arm/5.4.1/bin/../lib/gcc/arm-none-eabi/5.4.1/armv7-m\libgcc.a(_aeabi_ldivmod.o) (__aeabi_ldiv0)
[...]
Memory Configuration

Name             Origin             Length             Attributes
rom              0x00000000         0x00040000         xr
ram              0x1fff8000         0x00010000         xrw
*default*        0x00000000         0xffffffff

Linker script and memory map

LOAD c:/program files (x86)/cypress/psoc creator/4.2/psoc creator/import/gnu/arm/5.4.1/bin/../lib/gcc/arm-none-eabi/5.4.1/armv7-m/crti.o
LOAD c:/program files (x86)/cypress/psoc creator/4.2/psoc creator/import/gnu/arm/5.4.1/bin/../lib/gcc/arm-none-eabi/5.4.1/armv7-m/crtbegin.o
LOAD c:/program files (x86)/cypress/psoc creator/4.2/psoc creator/import/gnu/arm/5.4.1/bin/../lib/gcc/arm-none-eabi/5.4.1/../../../../arm-none-eabi/lib/armv7-m/crt0.o
START GROUP
LOAD .\CortexM3\ARM_GCC_541\Debug\main.o
LOAD .\CortexM3\ARM_GCC_541\Debug\cyfitter_cfg.o
LOAD .\CortexM3\ARM_GCC_541\Debug\cymetadata.o
LOAD .\CortexM3\ARM_GCC_541\Debug\Cm3Start.o
LOAD .\CortexM3\ARM_GCC_541\Debug\HardwareTask1.a
LOAD C:\Program Files (x86)\Cypress\PSoC Creator\4.2\PSoC Creator\psoc\content\cycomponentlibrary\CyComponentLibrary.cylib\CortexM3\ARM_GCC_541\Debug\CyComponentLibrary.a
END GROUP
START GROUP
LOAD c:/program files (x86)/cypress/psoc creator/4.2/psoc creator/import/gnu/arm/5.4.1/bin/../lib/gcc/arm-none-eabi/5.4.1/armv7-m\libgcc.a
LOAD c:/program files (x86)/cypress/psoc creator/4.2/psoc creator/import/gnu/arm/5.4.1/bin/../lib/gcc/arm-none-eabi/5.4.1/../../../../arm-none-eabi/lib/armv7-m\libg_nano.a
LOAD c:/program files (x86)/cypress/psoc creator/4.2/psoc creator/import/gnu/arm/5.4.1/bin/../lib/gcc/arm-none-eabi/5.4.1/../../../../arm-none-eabi/lib/armv7-m\libc_nano.a
END GROUP
START GROUP
LOAD c:/program files (x86)/cypress/psoc creator/4.2/psoc creator/import/gnu/arm/5.4.1/bin/../lib/gcc/arm-none-eabi/5.4.1/armv7-m\libgcc.a
LOAD c:/program files (x86)/cypress/psoc creator/4.2/psoc creator/import/gnu/arm/5.4.1/bin/../lib/gcc/arm-none-eabi/5.4.1/../../../../arm-none-eabi/lib/armv7-m\libc_nano.a
END GROUP
LOAD c:/program files (x86)/cypress/psoc creator/4.2/psoc creator/import/gnu/arm/5.4.1/bin/../lib/gcc/arm-none-eabi/5.4.1/armv7-m/crtend.o
LOAD c:/program files (x86)/cypress/psoc creator/4.2/psoc creator/import/gnu/arm/5.4.1/bin/../lib/gcc/arm-none-eabi/5.4.1/armv7-m/crtn.o
START GROUP
LOAD c:/program files (x86)/cypress/psoc creator/4.2/psoc creator/import/gnu/arm/5.4.1/bin/../lib/gcc/arm-none-eabi/5.4.1/armv7-m\libgcc.a
LOAD c:/program files (x86)/cypress/psoc creator/4.2/psoc creator/import/gnu/arm/5.4.1/bin/../lib/gcc/arm-none-eabi/5.4.1/../../../../arm-none-eabi/lib/armv7-m\libc.a
LOAD c:/program files (x86)/cypress/psoc creator/4.2/psoc creator/import/gnu/arm/5.4.1/bin/../lib/gcc/arm-none-eabi/5.4.1/../../../../arm-none-eabi/lib/armv7-m\libnosys.a
END GROUP
                0x00000000                CY_APPL_ORIGIN = 0x0
                0x00000100                CY_FLASH_ROW_SIZE = 0x100
                0x00000020                CY_ECC_ROW_SIZE = 0x20
                0x00000000                CY_EE_IN_BTLDR = 0x0
                0x00000000                CY_APPL_LOADABLE = 0x0
                0x00000800                CY_EE_SIZE = 0x800
                0x00000001                CY_APPL_NUM = 0x1
                0x00000001                CY_APPL_MAX = 0x1
                0x00000040                CY_METADATA_SIZE = 0x40
                0x00000000                CY_APPL_LOADABLE = 0x0
                0x00000000                CY_CHECKSUM_EXCLUDE_SIZE = ALIGN (0x0, CY_FLASH_ROW_SIZE)
                [!provide]                PROVIDE (__cy_heap_start, _end)
                0x00000001                PROVIDE (__cy_region_num, ((__cy_regions_end - __cy_regions) / 0x10))
                0x20008000                PROVIDE (__cy_stack, (ORIGIN (ram) + LENGTH (ram)))
                [!provide]                PROVIDE (__cy_heap_end, (__cy_stack - 0x800))

.cybootloader   0x00000000        0x0
 *(.cybootloader)
                0x00000000                appl1_start = CY_APPL_ORIGIN?CY_APPL_ORIGIN:ALIGN (CY_FLASH_ROW_SIZE)
                0x0001ff00                appl2_start = (appl1_start + ALIGN ((((LENGTH (rom) - appl1_start) - (0x2 * CY_FLASH_ROW_SIZE)) / 0x2), CY_FLASH_ROW_SIZE))
                0x00000000                appl_start = (CY_APPL_NUM == 0x1)?appl1_start:appl2_start
                0x00000000                ecc_offset = ((appl_start / CY_FLASH_ROW_SIZE) * CY_ECC_ROW_SIZE)
                0x00000000                ee_offset = (CY_APPL_LOADABLE && ! (CY_EE_IN_BTLDR))?((CY_EE_SIZE / CY_APPL_MAX) * (CY_APPL_NUM - 0x1)):0x0
                0x00000800                ee_size = (CY_APPL_LOADABLE && ! (CY_EE_IN_BTLDR))?(CY_EE_SIZE / CY_APPL_MAX):CY_EE_SIZE
                [!provide]                PROVIDE (CY_ECC_OFFSET, ecc_offset)

.text           0x00000000     0x1e4e
 CREATE_OBJECT_SYMBOLS
                0x00000000                PROVIDE (__cy_interrupt_vector, RomVectors)
 *(.romvectors)
 .romvectors    0x00000000       0x10 .\CortexM3\ARM_GCC_541\Debug\Cm3Start.o
                0x00000000                RomVectors
                0x00000001                ASSERT ((. != __cy_interrupt_vector), No interrupt vector)
                0x00000001                ASSERT (CY_APPL_ORIGIN?(SIZEOF (.cybootloader) <= CY_APPL_ORIGIN):0x1, Wrong image location)
                0x00000010                PROVIDE (__cy_reset, Reset)
 *(.text.Reset)
 .text.Reset    0x00000010       0x18 .\CortexM3\ARM_GCC_541\Debug\Cm3Start.o
                0x00000010                Reset
                0x00000001                ASSERT ((. != __cy_reset), No reset code)
 *(.dma_init)
                0x00000001                ASSERT ((((appl_start + .) <= 0x10000) || 0x1), DMA Init must be within the first 64k of flash)
 *(.text .text.* .gnu.linkonce.t.*)
 .text          0x00000028       0x5c c:/program files (x86)/cypress/psoc creator/4.2/psoc creator/import/gnu/arm/5.4.1/bin/../lib/gcc/arm-none-eabi/5.4.1/armv7-m/crtbegin.o
 .text.adc_finished_interrupt
                0x00000084       0x20 .\CortexM3\ARM_GCC_541\Debug\main.o
                0x00000084                adc_finished_interrupt
 .text.uart_send_str
                0x000000a4       0x14 .\CortexM3\ARM_GCC_541\Debug\main.o
                0x000000a4                uart_send_str
 .text.uart_conv_uint16
                0x000000b8       0x58 .\CortexM3\ARM_GCC_541\Debug\main.o
                0x000000b8                uart_conv_uint16
 .text.main     0x00000110       0x60 .\CortexM3\ARM_GCC_541\Debug\main.o
                0x00000110                main
 .text.CyClockStartupError
                0x00000170        0x4 .\CortexM3\ARM_GCC_541\Debug\cyfitter_cfg.o
 .text.cfg_write_bytes32
                0x00000174       0x34 .\CortexM3\ARM_GCC_541\Debug\cyfitter_cfg.o
 .text.CYMEMZERO
                0x000001a8        0xc .\CortexM3\ARM_GCC_541\Debug\cyfitter_cfg.o
 .text.AnalogSetDefault
                0x000001b4       0x7c .\CortexM3\ARM_GCC_541\Debug\cyfitter_cfg.o
 .text.CYCONFIGCPY
                0x00000230        0x8 .\CortexM3\ARM_GCC_541\Debug\cyfitter_cfg.o
 .text.ClockSetup
                0x00000238       0xe4 .\CortexM3\ARM_GCC_541\Debug\cyfitter_cfg.o
 .text.cyfitter_cfg
                0x0000031c       0xd4 .\CortexM3\ARM_GCC_541\Debug\cyfitter_cfg.o
                0x0000031c                cyfitter_cfg
 .text.IntDefaultHandler
                0x000003f0       0x10 .\CortexM3\ARM_GCC_541\Debug\Cm3Start.o
                0x000003f0                IntDefaultHandler
 .text.Start_c  0x00000400       0x4c .\CortexM3\ARM_GCC_541\Debug\Cm3Start.o
                0x00000400                Start_c
 .text.initialize_psoc
                0x0000044c       0x68 .\CortexM3\ARM_GCC_541\Debug\Cm3Start.o
                0x0000044c                initialize_psoc
 .text.ADC_SAR_1_CalcGain
                0x000004b4       0x5c .\CortexM3\ARM_GCC_541\Debug\HardwareTask1.a(ADC_SAR_1.o)
 .text.ADC_SAR_1_Enable
                0x00000510       0x94 .\CortexM3\ARM_GCC_541\Debug\HardwareTask1.a(ADC_SAR_1.o)
                0x00000510                ADC_SAR_1_Enable
 .text.ADC_SAR_1_SetResolution
                0x000005a4       0x38 .\CortexM3\ARM_GCC_541\Debug\HardwareTask1.a(ADC_SAR_1.o)
                0x000005a4                ADC_SAR_1_SetResolution
 .text.ADC_SAR_1_Init
                0x000005dc       0x3c .\CortexM3\ARM_GCC_541\Debug\HardwareTask1.a(ADC_SAR_1.o)
                0x000005dc                ADC_SAR_1_Init
 .text.ADC_SAR_1_Start
                0x00000618       0x1c .\CortexM3\ARM_GCC_541\Debug\HardwareTask1.a(ADC_SAR_1.o)
                0x00000618                ADC_SAR_1_Start
 .text.ADC_SAR_1_GetResult16
                0x00000634       0x18 .\CortexM3\ARM_GCC_541\Debug\HardwareTask1.a(ADC_SAR_1.o)
                0x00000634                ADC_SAR_1_GetResult16
 .text.ADC_SAR_1_CountsTo_mVolts
                0x0000064c       0x58 .\CortexM3\ARM_GCC_541\Debug\HardwareTask1.a(ADC_SAR_1.o)
                0x0000064c                ADC_SAR_1_CountsTo_mVolts
 .text.ADC_SAR_1_ISR
                0x000006a4        0x4 .\CortexM3\ARM_GCC_541\Debug\HardwareTask1.a(ADC_SAR_1_INT.o)
                0x000006a4                ADC_SAR_1_ISR
 .text.VDAC8_1_Enable
                0x000006a8       0x1c .\CortexM3\ARM_GCC_541\Debug\HardwareTask1.a(VDAC8_1.o)
                0x000006a8                VDAC8_1_Enable
 .text.VDAC8_1_SetSpeed
                0x000006c4       0x1c .\CortexM3\ARM_GCC_541\Debug\HardwareTask1.a(VDAC8_1.o)
                0x000006c4                VDAC8_1_SetSpeed
 .text.VDAC8_1_SetValue
                0x000006e0        0xc .\CortexM3\ARM_GCC_541\Debug\HardwareTask1.a(VDAC8_1.o)
                0x000006e0                VDAC8_1_SetValue
 .text.VDAC8_1_DacTrim
                0x000006ec       0x24 .\CortexM3\ARM_GCC_541\Debug\HardwareTask1.a(VDAC8_1.o)
                0x000006ec                VDAC8_1_DacTrim
 .text.VDAC8_1_SetRange
                0x00000710       0x20 .\CortexM3\ARM_GCC_541\Debug\HardwareTask1.a(VDAC8_1.o)
                0x00000710                VDAC8_1_SetRange
 .text.VDAC8_1_Init
                0x00000730       0x20 .\CortexM3\ARM_GCC_541\Debug\HardwareTask1.a(VDAC8_1.o)
                0x00000730                VDAC8_1_Init
 .text.VDAC8_1_Start
                0x00000750       0x24 .\CortexM3\ARM_GCC_541\Debug\HardwareTask1.a(VDAC8_1.o)
                0x00000750                VDAC8_1_Start
 .text.Timer_1_Enable
                0x00000774       0x28 .\CortexM3\ARM_GCC_541\Debug\HardwareTask1.a(Timer_1.o)
                0x00000774                Timer_1_Enable
 .text.Timer_1_SetInterruptMode
                0x0000079c        0xc .\CortexM3\ARM_GCC_541\Debug\HardwareTask1.a(Timer_1.o)
                0x0000079c                Timer_1_SetInterruptMode
 .text.Timer_1_WritePeriod
                0x000007a8        0xc .\CortexM3\ARM_GCC_541\Debug\HardwareTask1.a(Timer_1.o)
                0x000007a8                Timer_1_WritePeriod
 .text.Timer_1_WriteCounter
                0x000007b4        0xc .\CortexM3\ARM_GCC_541\Debug\HardwareTask1.a(Timer_1.o)
                0x000007b4                Timer_1_WriteCounter
 .text.Timer_1_Init
                0x000007c0       0x64 .\CortexM3\ARM_GCC_541\Debug\HardwareTask1.a(Timer_1.o)
                0x000007c0                Timer_1_Init
 .text.Timer_1_Start
                0x00000824       0x1c .\CortexM3\ARM_GCC_541\Debug\HardwareTask1.a(Timer_1.o)
                0x00000824                Timer_1_Start
 .text.USBUART_1_Init
                0x00000840      0x140 .\CortexM3\ARM_GCC_541\Debug\HardwareTask1.a(USBUART_1.o)
                0x00000840                USBUART_1_Init
 .text.USBUART_1_InitComponent
                0x00000980       0xb8 .\CortexM3\ARM_GCC_541\Debug\HardwareTask1.a(USBUART_1.o)
                0x00000980                USBUART_1_InitComponent
 .text.USBUART_1_Start
                0x00000a38       0x24 .\CortexM3\ARM_GCC_541\Debug\HardwareTask1.a(USBUART_1.o)
                0x00000a38                USBUART_1_Start
 .text.USBUART_1_ReInitComponent
                0x00000a5c       0x4c .\CortexM3\ARM_GCC_541\Debug\HardwareTask1.a(USBUART_1.o)
                0x00000a5c                USBUART_1_ReInitComponent
 .text.USBUART_1_GetEPState
                0x00000aa8       0x14 .\CortexM3\ARM_GCC_541\Debug\HardwareTask1.a(USBUART_1.o)
                0x00000aa8                USBUART_1_GetEPState
 .text.USBUART_1_LoadInEP
                0x00000abc       0x94 .\CortexM3\ARM_GCC_541\Debug\HardwareTask1.a(USBUART_1.o)
                0x00000abc                USBUART_1_LoadInEP
 .text.USBUART_1_StrLen
                0x00000b50       0x14 .\CortexM3\ARM_GCC_541\Debug\HardwareTask1.a(USBUART_1_cdc.o)
 .text.USBUART_1_GetInterfaceComPort
                0x00000b64       0x38 .\CortexM3\ARM_GCC_541\Debug\HardwareTask1.a(USBUART_1_cdc.o)
                0x00000b64                USBUART_1_GetInterfaceComPort
 .text.USBUART_1_DispatchCDCClassRqst
                0x00000b9c       0x98 .\CortexM3\ARM_GCC_541\Debug\HardwareTask1.a(USBUART_1_cdc.o)
                0x00000b9c                USBUART_1_DispatchCDCClassRqst
 .text.USBUART_1_PutData
                0x00000c34       0x50 .\CortexM3\ARM_GCC_541\Debug\HardwareTask1.a(USBUART_1_cdc.o)
                0x00000c34                USBUART_1_PutData
 .text.USBUART_1_PutString
                0x00000c84       0xa0 .\CortexM3\ARM_GCC_541\Debug\HardwareTask1.a(USBUART_1_cdc.o)
                0x00000c84                USBUART_1_PutString
 .text.USBUART_1_CDCIsReady
                0x00000d24       0x18 .\CortexM3\ARM_GCC_541\Debug\HardwareTask1.a(USBUART_1_cdc.o)
                0x00000d24                USBUART_1_CDCIsReady
 .text.USBUART_1_Cdc_EpInit
                0x00000d3c       0x50 .\CortexM3\ARM_GCC_541\Debug\HardwareTask1.a(USBUART_1_cdc.o)
                0x00000d3c                USBUART_1_Cdc_EpInit
 .text.USBUART_1_LoadEP0
                0x00000d8c       0x98 .\CortexM3\ARM_GCC_541\Debug\HardwareTask1.a(USBUART_1_drv.o)
                0x00000d8c                USBUART_1_LoadEP0
 .text.USBUART_1_InitZeroLengthControlTransfer
                0x00000e24       0x34 .\CortexM3\ARM_GCC_541\Debug\HardwareTask1.a(USBUART_1_drv.o)
                0x00000e24                USBUART_1_InitZeroLengthControlTransfer
 .text.USBUART_1_ControlReadDataStage
                0x00000e58        0x8 .\CortexM3\ARM_GCC_541\Debug\HardwareTask1.a(USBUART_1_drv.o)
                0x00000e58                USBUART_1_ControlReadDataStage
 .text.USBUART_1_ControlWriteDataStage
                0x00000e60       0x84 .\CortexM3\ARM_GCC_541\Debug\HardwareTask1.a(USBUART_1_drv.o)
                0x00000e60                USBUART_1_ControlWriteDataStage
 .text.USBUART_1_InitNoDataControlTransfer
                0x00000ee4       0x2c .\CortexM3\ARM_GCC_541\Debug\HardwareTask1.a(USBUART_1_drv.o)
                0x00000ee4                USBUART_1_InitNoDataControlTransfer
 .text.USBUART_1_UpdateStatusBlock
                0x00000f10       0x24 .\CortexM3\ARM_GCC_541\Debug\HardwareTask1.a(USBUART_1_drv.o)
                0x00000f10                USBUART_1_UpdateStatusBlock
 .text.USBUART_1_HandleSetup
                0x00000f34       0x5c .\CortexM3\ARM_GCC_541\Debug\HardwareTask1.a(USBUART_1_drv.o)
                0x00000f34                USBUART_1_HandleSetup
 .text.USBUART_1_ControlReadStatusStage
                0x00000f90       0x38 .\CortexM3\ARM_GCC_541\Debug\HardwareTask1.a(USBUART_1_drv.o)
                0x00000f90                USBUART_1_ControlReadStatusStage
 .text.USBUART_1_HandleOUT
                0x00000fc8       0x38 .\CortexM3\ARM_GCC_541\Debug\HardwareTask1.a(USBUART_1_drv.o)
                0x00000fc8                USBUART_1_HandleOUT
 .text.USBUART_1_ControlWriteStatusStage
                0x00001000       0x20 .\CortexM3\ARM_GCC_541\Debug\HardwareTask1.a(USBUART_1_drv.o)
                0x00001000                USBUART_1_ControlWriteStatusStage
 .text.USBUART_1_NoDataControlStatusStage
                0x00001020       0x40 .\CortexM3\ARM_GCC_541\Debug\HardwareTask1.a(USBUART_1_drv.o)
                0x00001020                USBUART_1_NoDataControlStatusStage
 .text.USBUART_1_HandleIN
                0x00001060       0x2c .\CortexM3\ARM_GCC_541\Debug\HardwareTask1.a(USBUART_1_drv.o)
                0x00001060                USBUART_1_HandleIN
 .text.USBUART_1_EP_0_ISR
                0x0000108c       0xb8 .\CortexM3\ARM_GCC_541\Debug\HardwareTask1.a(USBUART_1_drv.o)
                0x0000108c                USBUART_1_EP_0_ISR
 .text.USBUART_1_InitializeStatusBlock
                0x00001144       0x24 .\CortexM3\ARM_GCC_541\Debug\HardwareTask1.a(USBUART_1_drv.o)
                0x00001144                USBUART_1_InitializeStatusBlock
 .text.USBUART_1_InitControlRead
                0x00001168       0x50 .\CortexM3\ARM_GCC_541\Debug\HardwareTask1.a(USBUART_1_drv.o)
                0x00001168                USBUART_1_InitControlRead
 .text.USBUART_1_InitControlWrite
                0x000011b8       0x48 .\CortexM3\ARM_GCC_541\Debug\HardwareTask1.a(USBUART_1_drv.o)
                0x000011b8                USBUART_1_InitControlWrite
 .text.USBUART_1_EP_1_ISR
                0x00001200       0x30 .\CortexM3\ARM_GCC_541\Debug\HardwareTask1.a(USBUART_1_episr.o)
                0x00001200                USBUART_1_EP_1_ISR
 .text.USBUART_1_EP_2_ISR
                0x00001230       0x34 .\CortexM3\ARM_GCC_541\Debug\HardwareTask1.a(USBUART_1_episr.o)
                0x00001230                USBUART_1_EP_2_ISR
 .text.USBUART_1_EP_3_ISR
                0x00001264       0x3c .\CortexM3\ARM_GCC_541\Debug\HardwareTask1.a(USBUART_1_episr.o)
                0x00001264                USBUART_1_EP_3_ISR
 .text.USBUART_1_SOF_ISR
                0x000012a0        0x4 .\CortexM3\ARM_GCC_541\Debug\HardwareTask1.a(USBUART_1_episr.o)
                0x000012a0                USBUART_1_SOF_ISR
 .text.USBUART_1_BUS_RESET_ISR
                0x000012a4        0x8 .\CortexM3\ARM_GCC_541\Debug\HardwareTask1.a(USBUART_1_episr.o)
                0x000012a4                USBUART_1_BUS_RESET_ISR
 .text.USBUART_1_DP_ISR
                0x000012ac        0x8 .\CortexM3\ARM_GCC_541\Debug\HardwareTask1.a(USBUART_1_pm.o)
                0x000012ac                USBUART_1_DP_ISR
 .text.USBUART_1_ReadDieID
                0x000012b4       0x6c .\CortexM3\ARM_GCC_541\Debug\HardwareTask1.a(USBUART_1_std.o)
                0x000012b4                USBUART_1_ReadDieID
 .text.USBUART_1_ConfigReg
                0x00001320       0xa4 .\CortexM3\ARM_GCC_541\Debug\HardwareTask1.a(USBUART_1_std.o)
                0x00001320                USBUART_1_ConfigReg
 .text.USBUART_1_GetConfigTablePtr
                0x000013c4       0x28 .\CortexM3\ARM_GCC_541\Debug\HardwareTask1.a(USBUART_1_std.o)
                0x000013c4                USBUART_1_GetConfigTablePtr
 .text.USBUART_1_ConfigAltChanged
                0x000013ec      0x11c .\CortexM3\ARM_GCC_541\Debug\HardwareTask1.a(USBUART_1_std.o)
                0x000013ec                USBUART_1_ConfigAltChanged
 .text.USBUART_1_GetDeviceTablePtr
                0x00001508       0x18 .\CortexM3\ARM_GCC_541\Debug\HardwareTask1.a(USBUART_1_std.o)
                0x00001508                USBUART_1_GetDeviceTablePtr
 .text.USBUART_1_GetInterfaceClassTablePtr
                0x00001520       0x28 .\CortexM3\ARM_GCC_541\Debug\HardwareTask1.a(USBUART_1_std.o)
                0x00001520                USBUART_1_GetInterfaceClassTablePtr
 .text.USBUART_1_Config
                0x00001548      0x1ec .\CortexM3\ARM_GCC_541\Debug\HardwareTask1.a(USBUART_1_std.o)
                0x00001548                USBUART_1_Config
 .text.USBUART_1_SetEndpointHalt
                0x00001734       0x64 .\CortexM3\ARM_GCC_541\Debug\HardwareTask1.a(USBUART_1_std.o)
                0x00001734                USBUART_1_SetEndpointHalt
 .text.USBUART_1_ClearEndpointHalt
                0x00001798       0xac .\CortexM3\ARM_GCC_541\Debug\HardwareTask1.a(USBUART_1_std.o)
                0x00001798                USBUART_1_ClearEndpointHalt
 .text.USBUART_1_ValidateAlternateSetting
                0x00001844       0x4c .\CortexM3\ARM_GCC_541\Debug\HardwareTask1.a(USBUART_1_std.o)
                0x00001844                USBUART_1_ValidateAlternateSetting
 .text.USBUART_1_HandleStandardRqst
                0x00001890      0x354 .\CortexM3\ARM_GCC_541\Debug\HardwareTask1.a(USBUART_1_std.o)
                0x00001890                USBUART_1_HandleStandardRqst
 .text.USBUART_1_HandleVendorRqst
                0x00001be4       0x18 .\CortexM3\ARM_GCC_541\Debug\HardwareTask1.a(USBUART_1_vnd.o)
                0x00001be4                USBUART_1_HandleVendorRqst
 .text.ADC_SAR_1_theACLK_SetModeRegister
                0x00001bfc       0x14 .\CortexM3\ARM_GCC_541\Debug\HardwareTask1.a(ADC_SAR_1_theACLK.o)
                0x00001bfc                ADC_SAR_1_theACLK_SetModeRegister
 .text.USBUART_1_Dp_ClearInterrupt
                0x00001c10       0x10 .\CortexM3\ARM_GCC_541\Debug\HardwareTask1.a(USBUART_1_Dp.o)
                0x00001c10                USBUART_1_Dp_ClearInterrupt
 .text.CyHalt   0x00001c20        0x4 .\CortexM3\ARM_GCC_541\Debug\HardwareTask1.a(CyLib.o)
                0x00001c20                CyHalt
 .text.CyDelayUs
                0x00001c24       0x14 .\CortexM3\ARM_GCC_541\Debug\HardwareTask1.a(CyLib.o)
                0x00001c24                CyDelayUs
 .text.CyIntSetVector
                0x00001c38       0x28 .\CortexM3\ARM_GCC_541\Debug\HardwareTask1.a(CyLib.o)
                0x00001c38                CyIntSetVector
 .text.CyIntSetPriority
                0x00001c60       0x30 .\CortexM3\ARM_GCC_541\Debug\HardwareTask1.a(CyLib.o)
                0x00001c60                CyIntSetPriority
 .text.CyGetUniqueId
                0x00001c90       0x70 .\CortexM3\ARM_GCC_541\Debug\HardwareTask1.a(CyLib.o)
                0x00001c90                CyGetUniqueId
 .text.ADC_Finished_Interrupt_SetVector
                0x00001d00        0xc .\CortexM3\ARM_GCC_541\Debug\HardwareTask1.a(ADC_Finished_Interrupt.o)
                0x00001d00                ADC_Finished_Interrupt_SetVector
 .text.ADC_Finished_Interrupt_SetPriority
                0x00001d0c       0x10 .\CortexM3\ARM_GCC_541\Debug\HardwareTask1.a(ADC_Finished_Interrupt.o)
                0x00001d0c                ADC_Finished_Interrupt_SetPriority
 .text.ADC_Finished_Interrupt_Enable
                0x00001d1c        0xc .\CortexM3\ARM_GCC_541\Debug\HardwareTask1.a(ADC_Finished_Interrupt.o)
                0x00001d1c                ADC_Finished_Interrupt_Enable
 .text.ADC_Finished_Interrupt_Disable
                0x00001d28        0xc .\CortexM3\ARM_GCC_541\Debug\HardwareTask1.a(ADC_Finished_Interrupt.o)
                0x00001d28                ADC_Finished_Interrupt_Disable
 .text.ADC_Finished_Interrupt_StartEx
                0x00001d34       0x1c .\CortexM3\ARM_GCC_541\Debug\HardwareTask1.a(ADC_Finished_Interrupt.o)
                0x00001d34                ADC_Finished_Interrupt_StartEx
 .text          0x00001d50       0x20 .\CortexM3\ARM_GCC_541\Debug\HardwareTask1.a(CyBootAsmGnu.o)
                0x00001d50                CyDelayCycles
                0x00001d60                CyEnterCriticalSection
                0x00001d68                CyExitCriticalSection
 .text.USBUART_1_DispatchClassRqst
                0x00001d70       0x60 .\CortexM3\ARM_GCC_541\Debug\HardwareTask1.a(USBUART_1_cls.o)
                0x00001d70                USBUART_1_DispatchClassRqst
 .text.__errno  0x00001dd0        0xc c:/program files (x86)/cypress/psoc creator/4.2/psoc creator/import/gnu/arm/5.4.1/bin/../lib/gcc/arm-none-eabi/5.4.1/../../../../arm-none-eabi/lib/armv7-m\libg_nano.a(lib_a-errno.o)
                0x00001dd0                __errno
 .text.__libc_init_array
                0x00001ddc       0x4c c:/program files (x86)/cypress/psoc creator/4.2/psoc creator/import/gnu/arm/5.4.1/bin/../lib/gcc/arm-none-eabi/5.4.1/../../../../arm-none-eabi/lib/armv7-m\libg_nano.a(lib_a-init.o)
                0x00001ddc                __libc_init_array
 .text.memcpy   0x00001e28       0x16 c:/program files (x86)/cypress/psoc creator/4.2/psoc creator/import/gnu/arm/5.4.1/bin/../lib/gcc/arm-none-eabi/5.4.1/../../../../arm-none-eabi/lib/armv7-m\libg_nano.a(lib_a-memcpy-stub.o)
                0x00001e28                memcpy
 .text.memset   0x00001e3e       0x10 c:/program files (x86)/cypress/psoc creator/4.2/psoc creator/import/gnu/arm/5.4.1/bin/../lib/gcc/arm-none-eabi/5.4.1/../../../../arm-none-eabi/lib/armv7-m\libg_nano.a(lib_a-memset.o)
                0x00001e3e                memset
 *(.plt)
 *(.gnu.warning)
 *(.glue_7t)
 .glue_7t       0x00001e4e        0x0 linker stubs
 *(.glue_7)
 .glue_7        0x00001e4e        0x0 linker stubs
 *(.vfp11_veneer)
 .vfp11_veneer  0x00001e4e        0x0 linker stubs
 *(.bootloader)
 *(.ARM.extab* .gnu.linkonce.armextab.*)
 *(.gcc_except_table)

.v4_bx          0x00001e50        0x0
 .v4_bx         0x00001e50        0x0 linker stubs

.iplt           0x00001e50        0x0
 .iplt          0x00001e50        0x0 c:/program files (x86)/cypress/psoc creator/4.2/psoc creator/import/gnu/arm/5.4.1/bin/../lib/gcc/arm-none-eabi/5.4.1/armv7-m/crtbegin.o

.eh_frame_hdr
 *(.eh_frame_hdr)

.eh_frame       0x00001e50        0x4
 *(.eh_frame)
 .eh_frame      0x00001e50        0x0 c:/program files (x86)/cypress/psoc creator/4.2/psoc creator/import/gnu/arm/5.4.1/bin/../lib/gcc/arm-none-eabi/5.4.1/armv7-m/crtbegin.o
 .eh_frame      0x00001e50        0x4 c:/program files (x86)/cypress/psoc creator/4.2/psoc creator/import/gnu/arm/5.4.1/bin/../lib/gcc/arm-none-eabi/5.4.1/armv7-m/crtend.o
                [!provide]                PROVIDE (__exidx_start, .)

.ARM.exidx
 *(.ARM.exidx* .gnu.linkonce.armexidx.*)
                0x00001e54                __exidx_end = .

.rodata         0x00001e54      0x1f4
 *(.rodata .rodata.* .gnu.linkonce.r.*)
 .rodata.str1.4
                0x00001e54        0xd .\CortexM3\ARM_GCC_541\Debug\main.o
 *fill*         0x00001e61        0x3 
 .rodata        0x00001e64       0x36 .\CortexM3\ARM_GCC_541\Debug\cyfitter_cfg.o
 *fill*         0x00001e9a        0x2 
 .rodata.str1.4
                0x00001e9c       0x14 .\CortexM3\ARM_GCC_541\Debug\HardwareTask1.a(USBUART_1_std.o)
                                 0x11 (size before relaxing)
 .rodata        0x00001eb0      0x15e .\CortexM3\ARM_GCC_541\Debug\HardwareTask1.a(USBUART_1_descr.o)
                0x00001eb0                USBUART_1_TABLE
                0x00001eb8                USBUART_1_DEVICE0_TABLE
                0x00001ed0                USBUART_1_DEVICE0_CONFIGURATION0_TABLE
                0x00001ef8                USBUART_1_DEVICE0_CONFIGURATION0_INTERFACE_CLASS
                0x00001efc                USBUART_1_DEVICE0_CONFIGURATION0_EP_SETTINGS_TABLE
                0x00001f14                USBUART_1_SN_STRING_DESCRIPTOR
                0x00001f18                USBUART_1_STRING_DESCRIPTORS
                0x00001fb8                USBUART_1_DEVICE0_CONFIGURATION0_DESCR
                0x00001ffc                USBUART_1_DEVICE0_DESCR
 .rodata.str1.1
                0x0000200e        0x2 c:/program files (x86)/cypress/psoc creator/4.2/psoc creator/import/gnu/arm/5.4.1/bin/../lib/gcc/arm-none-eabi/5.4.1/../../../../arm-none-eabi/lib/armv7-m\libg_nano.a(lib_a-impure.o)
                0x00002010                . = ALIGN (0x4)
 *(.init)
 .init          0x00002010        0x4 c:/program files (x86)/cypress/psoc creator/4.2/psoc creator/import/gnu/arm/5.4.1/bin/../lib/gcc/arm-none-eabi/5.4.1/armv7-m/crti.o
                0x00002010                _init
 .init          0x00002014        0x8 c:/program files (x86)/cypress/psoc creator/4.2/psoc creator/import/gnu/arm/5.4.1/bin/../lib/gcc/arm-none-eabi/5.4.1/armv7-m/crtn.o
                0x0000201c                . = ALIGN (0x4)
                0x0000201c                __preinit_array_start = .
 *(.preinit_array)
                0x0000201c                __preinit_array_end = .
                0x0000201c                . = ALIGN (0x4)
                0x0000201c                __init_array_start = .
 *(SORT(.init_array.*))
 *(.init_array)
 .init_array    0x0000201c        0x4 c:/program files (x86)/cypress/psoc creator/4.2/psoc creator/import/gnu/arm/5.4.1/bin/../lib/gcc/arm-none-eabi/5.4.1/armv7-m/crtbegin.o
 .init_array    0x00002020        0x4 .\CortexM3\ARM_GCC_541\Debug\Cm3Start.o
                0x00002024                __init_array_end = .
                0x00002024                . = ALIGN (0x4)
 *(.fini)
 .fini          0x00002024        0x4 c:/program files (x86)/cypress/psoc creator/4.2/psoc creator/import/gnu/arm/5.4.1/bin/../lib/gcc/arm-none-eabi/5.4.1/armv7-m/crti.o
                0x00002024                _fini
 .fini          0x00002028        0x8 c:/program files (x86)/cypress/psoc creator/4.2/psoc creator/import/gnu/arm/5.4.1/bin/../lib/gcc/arm-none-eabi/5.4.1/armv7-m/crtn.o
                0x00002030                . = ALIGN (0x4)
                0x00002030                __fini_array_start = .
 *(.fini_array)
 .fini_array    0x00002030        0x4 c:/program files (x86)/cypress/psoc creator/4.2/psoc creator/import/gnu/arm/5.4.1/bin/../lib/gcc/arm-none-eabi/5.4.1/armv7-m/crtbegin.o
 *(SORT(.fini_array.*))
                0x00002034                __fini_array_end = .
                0x00002034                . = ALIGN (0x4)
 *crtbegin.o(.ctors)
 *(EXCLUDE_FILE(*crtend.o) .ctors)
 *(SORT(.ctors.*))
 *crtend.o(.ctors)
                0x00002034                . = ALIGN (0x4)
 *crtbegin.o(.dtors)
 *(EXCLUDE_FILE(*crtend.o) .dtors)
 *(SORT(.dtors.*))
 *crtend.o(.dtors)
                0x00002034                . = ALIGN (0x4)
                0x00002034                __cy_regions = .
                0x00002034        0x4 LONG 0x2048 __cy_region_init_ram
                0x00002038        0x4 LONG 0x1fff80c8 __cy_region_start_data
                0x0000203c        0x4 LONG 0x98 __cy_region_init_size_ram
                0x00002040        0x4 LONG 0x108 __cy_region_zero_size_ram
                0x00002044                __cy_regions_end = .
                0x00002048                . = ALIGN (0x8)
 *fill*         0x00002044        0x4 
                0x00002048                _etext = .

.cy_checksum_exclude
                0x00002048        0x0
 *(.cy_checksum_exclude)

.ramvectors     0x1fff8000       0xc0
                0x1fff8000                __cy_region_start_ram = .
 *(.ramvectors)
 .ramvectors    0x1fff8000       0xc0 .\CortexM3\ARM_GCC_541\Debug\Cm3Start.o
                0x1fff8000                CyRamVectors

.noinit         0x1fff80c0        0x1
 *(.noinit)
 .noinit        0x1fff80c0        0x1 .\CortexM3\ARM_GCC_541\Debug\HardwareTask1.a(CyLib.o)
                0x1fff80c0                CyResetStatus

.data           0x1fff80c8       0x98 load address 0x00002048
                0x1fff80c8                __cy_region_start_data = .
 *(.jcr)
 .jcr           0x1fff80c8        0x0 c:/program files (x86)/cypress/psoc creator/4.2/psoc creator/import/gnu/arm/5.4.1/bin/../lib/gcc/arm-none-eabi/5.4.1/armv7-m/crtbegin.o
 .jcr           0x1fff80c8        0x4 c:/program files (x86)/cypress/psoc creator/4.2/psoc creator/import/gnu/arm/5.4.1/bin/../lib/gcc/arm-none-eabi/5.4.1/armv7-m/crtend.o
 *(.got.plt)
 *(.got)
 *(.shdata)
 *(.data .data.* .gnu.linkonce.d.*)
 .data          0x1fff80cc       0x1a .\CortexM3\ARM_GCC_541\Debug\HardwareTask1.a(USBUART_1_cdc.o)
                0x1fff80cc                USBUART_1_linesCoding
 *fill*         0x1fff80e6        0x2 
 .data          0x1fff80e8       0x10 .\CortexM3\ARM_GCC_541\Debug\HardwareTask1.a(CyLib.o)
                0x1fff80e8                cydelay_32k_ms
                0x1fff80ec                cydelay_freq_khz
                0x1fff80f0                cydelay_freq_mhz
                0x1fff80f4                cydelay_freq_hz
 .data.impure_data
                0x1fff80f8       0x60 c:/program files (x86)/cypress/psoc creator/4.2/psoc creator/import/gnu/arm/5.4.1/bin/../lib/gcc/arm-none-eabi/5.4.1/../../../../arm-none-eabi/lib/armv7-m\libg_nano.a(lib_a-impure.o)
 .data._impure_ptr
                0x1fff8158        0x4 c:/program files (x86)/cypress/psoc creator/4.2/psoc creator/import/gnu/arm/5.4.1/bin/../lib/gcc/arm-none-eabi/5.4.1/../../../../arm-none-eabi/lib/armv7-m\libg_nano.a(lib_a-impure.o)
                0x1fff8158                _impure_ptr
                0x1fff8160                . = ALIGN (0x8)
 *fill*         0x1fff815c        0x4 
 *(.ram)
                0x1fff8160                _edata = .

.igot.plt       0x1fff8160        0x0 load address 0x000020e0
 .igot.plt      0x1fff8160        0x0 c:/program files (x86)/cypress/psoc creator/4.2/psoc creator/import/gnu/arm/5.4.1/bin/../lib/gcc/arm-none-eabi/5.4.1/armv7-m/crtbegin.o

.bss            0x1fff8160      0x108 load address 0x000020e0
                0x1fff8160                PROVIDE (__bss_start__, .)
 *(.shbss)
 *(.bss .bss.* .gnu.linkonce.b.*)
 .bss           0x1fff8160       0x1c c:/program files (x86)/cypress/psoc creator/4.2/psoc creator/import/gnu/arm/5.4.1/bin/../lib/gcc/arm-none-eabi/5.4.1/armv7-m/crtbegin.o
 .bss           0x1fff817c        0x3 .\CortexM3\ARM_GCC_541\Debug\main.o
 .bss           0x1fff817f        0x1 .\CortexM3\ARM_GCC_541\Debug\HardwareTask1.a(ADC_SAR_1.o)
                0x1fff817f                ADC_SAR_1_initVar
 .bss           0x1fff8180        0x1 .\CortexM3\ARM_GCC_541\Debug\HardwareTask1.a(VDAC8_1.o)
                0x1fff8180                VDAC8_1_initVar
 .bss           0x1fff8181        0x1 .\CortexM3\ARM_GCC_541\Debug\HardwareTask1.a(Timer_1.o)
                0x1fff8181                Timer_1_initVar
 .bss           0x1fff8182        0x1 .\CortexM3\ARM_GCC_541\Debug\HardwareTask1.a(USBUART_1.o)
                0x1fff8182                USBUART_1_initVar
 .bss           0x1fff8183        0x1 .\CortexM3\ARM_GCC_541\Debug\HardwareTask1.a(USBUART_1_cdc.o)
 .bss           0x1fff8184        0x2 .\CortexM3\ARM_GCC_541\Debug\HardwareTask1.a(USBUART_1_std.o)
 *(COMMON)
 *fill*         0x1fff8186        0x2 
 COMMON         0x1fff8188        0xa .\CortexM3\ARM_GCC_541\Debug\HardwareTask1.a(ADC_SAR_1.o)
                0x1fff8188                ADC_SAR_1_countsPerVolt
                0x1fff818a                ADC_SAR_1_shift
                0x1fff818c                ADC_SAR_1_countsPer10Volt
                0x1fff8190                ADC_SAR_1_offset
 *fill*         0x1fff8192        0x2 
 COMMON         0x1fff8194       0x18 .\CortexM3\ARM_GCC_541\Debug\HardwareTask1.a(USBUART_1_cdc.o)
                0x1fff8194                USBUART_1_cdcDataInEp
                0x1fff8198                USBUART_1_cdcDataOutEp
                0x1fff819c                USBUART_1_cdcCommInInterruptEp
                0x1fff81a0                USBUART_1_serialStateBitmap
                0x1fff81a4                USBUART_1_linesChanged
                0x1fff81a8                USBUART_1_linesControlBitmap
 COMMON         0x1fff81ac       0x97 .\CortexM3\ARM_GCC_541\Debug\HardwareTask1.a(USBUART_1_drv.o)
                0x1fff81ac                USBUART_1_interfaceSettingLast
                0x1fff81ae                USBUART_1_ep0Mode
                0x1fff81af                USBUART_1_lastPacketSize
                0x1fff81b0                USBUART_1_configurationChanged
                0x1fff81b1                USBUART_1_configuration
                0x1fff81b2                USBUART_1_interfaceNumber
                0x1fff81b3                USBUART_1_deviceStatus
                0x1fff81b4                USBUART_1_ep0Toggle
                0x1fff81b8                USBUART_1_interfaceClass
                0x1fff81bc                USBUART_1_interfaceSetting
                0x1fff81c0                USBUART_1_currentTD
                0x1fff81cc                USBUART_1_ep0Count
                0x1fff81d0                USBUART_1_EP
                0x1fff823c                USBUART_1_transferByteCount
                0x1fff823e                USBUART_1_transferState
                0x1fff823f                USBUART_1_device
                0x1fff8240                USBUART_1_interfaceStatus
                0x1fff8242                USBUART_1_deviceAddress
 *fill*         0x1fff8243        0x1 
 COMMON         0x1fff8244       0x22 .\CortexM3\ARM_GCC_541\Debug\HardwareTask1.a(USBUART_1_descr.o)
                0x1fff8244                USBUART_1_idSerialNumberStringDescriptor
                0x1fff8268                . = ALIGN (0x8)
 *fill*         0x1fff8266        0x2 
 *(.ram.b)
                0x1fff8268                _end = .
                0x1fff8268                __end = .
                0x1fff8268                PROVIDE (end, .)
                0x1fff8268                PROVIDE (__bss_end__, .)
                0x00002048                __cy_region_init_ram = LOADADDR (.data)
                0x00000098                __cy_region_init_size_ram = (_edata - ADDR (.data))
                0x00000108                __cy_region_zero_size_ram = (_end - _edata)

.heap           0x1fff8268       0x80 load address 0x000020e0
                0x1fff8268                . = _end
                0x1fff82e8                . = (. + 0x80)
 *fill*         0x1fff8268       0x80 
                0x1fff82e8                __cy_heap_limit = .

.stack          0x20007800      0x800
                0x20007800                __cy_stack_limit = .
                0x20008000                . = (. + 0x800)
 *fill*         0x20007800      0x800 
                0x00000001                ASSERT ((__cy_stack_limit >= __cy_heap_limit), region RAM overflowed with stack)
                0x00000000                cy_checksum_exclude_size = (CY_APPL_LOADABLE == 0x1)?SIZEOF (.cy_checksum_exclude):0x0
                0x00000001                ASSERT ((cy_checksum_exclude_size <= CY_CHECKSUM_EXCLUDE_SIZE), CY_BOOT: Section .cy_checksum_exclude size exceedes specified limit.)

.cyloadermeta
 *(.cyloadermeta)

.cyloadablemeta
 *(.cyloadablemeta)

.cyconfigecc    0x80000000      0x120
 *(.cyconfigecc)
 .cyconfigecc   0x80000000      0x120 .\CortexM3\ARM_GCC_541\Debug\cymetadata.o
                0x80000000                cy_meta_configecc

.cycustnvl      0x90000000        0x4
 *(.cycustnvl)
 .cycustnvl     0x90000000        0x4 .\CortexM3\ARM_GCC_541\Debug\cymetadata.o
                0x90000000                cy_meta_custnvl

.cywolatch      0x90100000        0x4
 *(.cywolatch)
 .cywolatch     0x90100000        0x4 .\CortexM3\ARM_GCC_541\Debug\cymetadata.o
                0x90100000                cy_meta_wonvl

.cyeeprom       0x90200000        0x0
 *(.cyeeprom)
                0x00000001                ASSERT ((. <= ((0x90200000 + ee_offset) + ee_size)), .cyeeprom data will not fit in EEPROM)

.cyflashprotect
                0x90400000      0x100
 *(.cyflashprotect)
 .cyflashprotect
                0x90400000      0x100 .\CortexM3\ARM_GCC_541\Debug\cymetadata.o
                0x90400000                cy_meta_flashprotect

.cymeta         0x90500000        0xc
 *(.cymeta)
 .cymeta        0x90500000        0xc .\CortexM3\ARM_GCC_541\Debug\cymetadata.o
                0x90500000                cy_metadata

.rel.dyn        0x000020e0        0x0 load address 0x9050000c
 .rel.iplt      0x000020e0        0x0 c:/program files (x86)/cypress/psoc creator/4.2/psoc creator/import/gnu/arm/5.4.1/bin/../lib/gcc/arm-none-eabi/5.4.1/armv7-m/crtbegin.o

.stab
 *(.stab)

.stabstr
 *(.stabstr)

.debug
 *(.debug)

.line
 *(.line)

.debug_srcinfo
 *(.debug_srcinfo)

.debug_sfnames
 *(.debug_sfnames)

.debug_aranges  0x00000000      0xbd0
 *(.debug_aranges)
 .debug_aranges
                0x00000000       0x38 .\CortexM3\ARM_GCC_541\Debug\main.o
 .debug_aranges
                0x00000038       0x58 .\CortexM3\ARM_GCC_541\Debug\cyfitter_cfg.o
 .debug_aranges
                0x00000090       0x18 .\CortexM3\ARM_GCC_541\Debug\cymetadata.o
 .debug_aranges
                0x000000a8       0x48 .\CortexM3\ARM_GCC_541\Debug\Cm3Start.o
 .debug_aranges
                0x000000f0       0x98 .\CortexM3\ARM_GCC_541\Debug\HardwareTask1.a(ADC_SAR_1.o)
 .debug_aranges
                0x00000188       0x20 .\CortexM3\ARM_GCC_541\Debug\HardwareTask1.a(ADC_SAR_1_INT.o)
 .debug_aranges
                0x000001a8       0x58 .\CortexM3\ARM_GCC_541\Debug\HardwareTask1.a(VDAC8_1.o)
 .debug_aranges
                0x00000200       0x88 .\CortexM3\ARM_GCC_541\Debug\HardwareTask1.a(Timer_1.o)
 .debug_aranges
                0x00000288       0xc8 .\CortexM3\ARM_GCC_541\Debug\HardwareTask1.a(USBUART_1.o)
 .debug_aranges
                0x00000350       0xe8 .\CortexM3\ARM_GCC_541\Debug\HardwareTask1.a(USBUART_1_cdc.o)
 .debug_aranges
                0x00000438       0x98 .\CortexM3\ARM_GCC_541\Debug\HardwareTask1.a(USBUART_1_drv.o)
 .debug_aranges
                0x000004d0       0x40 .\CortexM3\ARM_GCC_541\Debug\HardwareTask1.a(USBUART_1_episr.o)
 .debug_aranges
                0x00000510       0x40 .\CortexM3\ARM_GCC_541\Debug\HardwareTask1.a(USBUART_1_pm.o)
 .debug_aranges
                0x00000550       0x80 .\CortexM3\ARM_GCC_541\Debug\HardwareTask1.a(USBUART_1_std.o)
 .debug_aranges
                0x000005d0       0x20 .\CortexM3\ARM_GCC_541\Debug\HardwareTask1.a(USBUART_1_vnd.o)
 .debug_aranges
                0x000005f0       0x80 .\CortexM3\ARM_GCC_541\Debug\HardwareTask1.a(ADC_SAR_1_theACLK.o)
 .debug_aranges
                0x00000670       0x48 .\CortexM3\ARM_GCC_541\Debug\HardwareTask1.a(USBUART_1_Dp.o)
 .debug_aranges
                0x000006b8      0x2a0 .\CortexM3\ARM_GCC_541\Debug\HardwareTask1.a(CyLib.o)
 .debug_aranges
                0x00000958       0x98 .\CortexM3\ARM_GCC_541\Debug\HardwareTask1.a(cyPm.o)
 .debug_aranges
                0x000009f0       0x80 .\CortexM3\ARM_GCC_541\Debug\HardwareTask1.a(ADC_Finished_Interrupt.o)
 .debug_aranges
                0x00000a70       0x20 .\CortexM3\ARM_GCC_541\Debug\HardwareTask1.a(CyBootAsmGnu.o)
 .debug_aranges
                0x00000a90       0x20 .\CortexM3\ARM_GCC_541\Debug\HardwareTask1.a(USBUART_1_cls.o)
 .debug_aranges
                0x00000ab0       0x18 .\CortexM3\ARM_GCC_541\Debug\HardwareTask1.a(USBUART_1_descr.o)
 .debug_aranges
                0x00000ac8       0x88 .\CortexM3\ARM_GCC_541\Debug\HardwareTask1.a(CyFlash.o)
 .debug_aranges
                0x00000b50       0x80 .\CortexM3\ARM_GCC_541\Debug\HardwareTask1.a(CySpc.o)

.debug_pubnames
 *(.debug_pubnames)

.debug_info     0x00000000     0x7958
 *(.debug_info .gnu.linkonce.wi.*)
 .debug_info    0x00000000      0x34d .\CortexM3\ARM_GCC_541\Debug\main.o
 .debug_info    0x0000034d      0x503 .\CortexM3\ARM_GCC_541\Debug\cyfitter_cfg.o
 .debug_info    0x00000850      0x135 .\CortexM3\ARM_GCC_541\Debug\cymetadata.o
 .debug_info    0x00000985      0x3bb .\CortexM3\ARM_GCC_541\Debug\Cm3Start.o
 .debug_info    0x00000d40      0x59c .\CortexM3\ARM_GCC_541\Debug\HardwareTask1.a(ADC_SAR_1.o)
 .debug_info    0x000012dc       0x92 .\CortexM3\ARM_GCC_541\Debug\HardwareTask1.a(ADC_SAR_1_INT.o)
 .debug_info    0x0000136e      0x1de .\CortexM3\ARM_GCC_541\Debug\HardwareTask1.a(VDAC8_1.o)
 .debug_info    0x0000154c      0x293 .\CortexM3\ARM_GCC_541\Debug\HardwareTask1.a(Timer_1.o)
 .debug_info    0x000017df      0x991 .\CortexM3\ARM_GCC_541\Debug\HardwareTask1.a(USBUART_1.o)
 .debug_info    0x00002170      0xaf7 .\CortexM3\ARM_GCC_541\Debug\HardwareTask1.a(USBUART_1_cdc.o)
 .debug_info    0x00002c67      0x655 .\CortexM3\ARM_GCC_541\Debug\HardwareTask1.a(USBUART_1_drv.o)
 .debug_info    0x000032bc      0x254 .\CortexM3\ARM_GCC_541\Debug\HardwareTask1.a(USBUART_1_episr.o)
 .debug_info    0x00003510      0x2e4 .\CortexM3\ARM_GCC_541\Debug\HardwareTask1.a(USBUART_1_pm.o)
 .debug_info    0x000037f4      0xb26 .\CortexM3\ARM_GCC_541\Debug\HardwareTask1.a(USBUART_1_std.o)
 .debug_info    0x0000431a       0xed .\CortexM3\ARM_GCC_541\Debug\HardwareTask1.a(USBUART_1_vnd.o)
 .debug_info    0x00004407      0x2c4 .\CortexM3\ARM_GCC_541\Debug\HardwareTask1.a(ADC_SAR_1_theACLK.o)
 .debug_info    0x000046cb      0x174 .\CortexM3\ARM_GCC_541\Debug\HardwareTask1.a(USBUART_1_Dp.o)
 .debug_info    0x0000483f     0x1374 .\CortexM3\ARM_GCC_541\Debug\HardwareTask1.a(CyLib.o)
 .debug_info    0x00005bb3      0xa2a .\CortexM3\ARM_GCC_541\Debug\HardwareTask1.a(cyPm.o)
 .debug_info    0x000065dd      0x2d2 .\CortexM3\ARM_GCC_541\Debug\HardwareTask1.a(ADC_Finished_Interrupt.o)
 .debug_info    0x000068af       0x8b .\CortexM3\ARM_GCC_541\Debug\HardwareTask1.a(CyBootAsmGnu.o)
 .debug_info    0x0000693a      0x1de .\CortexM3\ARM_GCC_541\Debug\HardwareTask1.a(USBUART_1_cls.o)
 .debug_info    0x00006b18      0x2a3 .\CortexM3\ARM_GCC_541\Debug\HardwareTask1.a(USBUART_1_descr.o)
 .debug_info    0x00006dbb      0x64d .\CortexM3\ARM_GCC_541\Debug\HardwareTask1.a(CyFlash.o)
 .debug_info    0x00007408      0x550 .\CortexM3\ARM_GCC_541\Debug\HardwareTask1.a(CySpc.o)

.debug_abbrev   0x00000000     0x2041
 *(.debug_abbrev)
 .debug_abbrev  0x00000000      0x15c .\CortexM3\ARM_GCC_541\Debug\main.o
 .debug_abbrev  0x0000015c      0x1fe .\CortexM3\ARM_GCC_541\Debug\cyfitter_cfg.o
 .debug_abbrev  0x0000035a       0x66 .\CortexM3\ARM_GCC_541\Debug\cymetadata.o
 .debug_abbrev  0x000003c0      0x1e8 .\CortexM3\ARM_GCC_541\Debug\Cm3Start.o
 .debug_abbrev  0x000005a8      0x194 .\CortexM3\ARM_GCC_541\Debug\HardwareTask1.a(ADC_SAR_1.o)
 .debug_abbrev  0x0000073c       0x42 .\CortexM3\ARM_GCC_541\Debug\HardwareTask1.a(ADC_SAR_1_INT.o)
 .debug_abbrev  0x0000077e       0xf7 .\CortexM3\ARM_GCC_541\Debug\HardwareTask1.a(VDAC8_1.o)
 .debug_abbrev  0x00000875      0x11a .\CortexM3\ARM_GCC_541\Debug\HardwareTask1.a(Timer_1.o)
 .debug_abbrev  0x0000098f      0x215 .\CortexM3\ARM_GCC_541\Debug\HardwareTask1.a(USBUART_1.o)
 .debug_abbrev  0x00000ba4      0x245 .\CortexM3\ARM_GCC_541\Debug\HardwareTask1.a(USBUART_1_cdc.o)
 .debug_abbrev  0x00000de9      0x189 .\CortexM3\ARM_GCC_541\Debug\HardwareTask1.a(USBUART_1_drv.o)
 .debug_abbrev  0x00000f72      0x11b .\CortexM3\ARM_GCC_541\Debug\HardwareTask1.a(USBUART_1_episr.o)
 .debug_abbrev  0x0000108d      0x108 .\CortexM3\ARM_GCC_541\Debug\HardwareTask1.a(USBUART_1_pm.o)
 .debug_abbrev  0x00001195      0x20a .\CortexM3\ARM_GCC_541\Debug\HardwareTask1.a(USBUART_1_std.o)
 .debug_abbrev  0x0000139f       0x9b .\CortexM3\ARM_GCC_541\Debug\HardwareTask1.a(USBUART_1_vnd.o)
 .debug_abbrev  0x0000143a      0x121 .\CortexM3\ARM_GCC_541\Debug\HardwareTask1.a(ADC_SAR_1_theACLK.o)
 .debug_abbrev  0x0000155b       0x90 .\CortexM3\ARM_GCC_541\Debug\HardwareTask1.a(USBUART_1_Dp.o)
 .debug_abbrev  0x000015eb      0x254 .\CortexM3\ARM_GCC_541\Debug\HardwareTask1.a(CyLib.o)
 .debug_abbrev  0x0000183f      0x1ab .\CortexM3\ARM_GCC_541\Debug\HardwareTask1.a(cyPm.o)
 .debug_abbrev  0x000019ea      0x173 .\CortexM3\ARM_GCC_541\Debug\HardwareTask1.a(ADC_Finished_Interrupt.o)
 .debug_abbrev  0x00001b5d       0x14 .\CortexM3\ARM_GCC_541\Debug\HardwareTask1.a(CyBootAsmGnu.o)
 .debug_abbrev  0x00001b71       0xe1 .\CortexM3\ARM_GCC_541\Debug\HardwareTask1.a(USBUART_1_cls.o)
 .debug_abbrev  0x00001c52       0xb4 .\CortexM3\ARM_GCC_541\Debug\HardwareTask1.a(USBUART_1_descr.o)
 .debug_abbrev  0x00001d06      0x1a7 .\CortexM3\ARM_GCC_541\Debug\HardwareTask1.a(CyFlash.o)
 .debug_abbrev  0x00001ead      0x194 .\CortexM3\ARM_GCC_541\Debug\HardwareTask1.a(CySpc.o)

.debug_line     0x00000000     0x3001
 *(.debug_line)
 .debug_line    0x00000000      0x2b6 .\CortexM3\ARM_GCC_541\Debug\main.o
 .debug_line    0x000002b6      0x1e5 .\CortexM3\ARM_GCC_541\Debug\cyfitter_cfg.o
 .debug_line    0x0000049b      0x141 .\CortexM3\ARM_GCC_541\Debug\cymetadata.o
 .debug_line    0x000005dc      0x234 .\CortexM3\ARM_GCC_541\Debug\Cm3Start.o
 .debug_line    0x00000810      0x1fe .\CortexM3\ARM_GCC_541\Debug\HardwareTask1.a(ADC_SAR_1.o)
 .debug_line    0x00000a0e       0x56 .\CortexM3\ARM_GCC_541\Debug\HardwareTask1.a(ADC_SAR_1_INT.o)
 .debug_line    0x00000a64       0xe4 .\CortexM3\ARM_GCC_541\Debug\HardwareTask1.a(VDAC8_1.o)
 .debug_line    0x00000b48      0x155 .\CortexM3\ARM_GCC_541\Debug\HardwareTask1.a(Timer_1.o)
 .debug_line    0x00000c9d      0x2e4 .\CortexM3\ARM_GCC_541\Debug\HardwareTask1.a(USBUART_1.o)
 .debug_line    0x00000f81      0x2f8 .\CortexM3\ARM_GCC_541\Debug\HardwareTask1.a(USBUART_1_cdc.o)
 .debug_line    0x00001279      0x227 .\CortexM3\ARM_GCC_541\Debug\HardwareTask1.a(USBUART_1_drv.o)
 .debug_line    0x000014a0       0xec .\CortexM3\ARM_GCC_541\Debug\HardwareTask1.a(USBUART_1_episr.o)
 .debug_line    0x0000158c      0x116 .\CortexM3\ARM_GCC_541\Debug\HardwareTask1.a(USBUART_1_pm.o)
 .debug_line    0x000016a2      0x3e8 .\CortexM3\ARM_GCC_541\Debug\HardwareTask1.a(USBUART_1_std.o)
 .debug_line    0x00001a8a       0x77 .\CortexM3\ARM_GCC_541\Debug\HardwareTask1.a(USBUART_1_vnd.o)
 .debug_line    0x00001b01      0x1a3 .\CortexM3\ARM_GCC_541\Debug\HardwareTask1.a(ADC_SAR_1_theACLK.o)
 .debug_line    0x00001ca4       0xbd .\CortexM3\ARM_GCC_541\Debug\HardwareTask1.a(USBUART_1_Dp.o)
 .debug_line    0x00001d61      0x816 .\CortexM3\ARM_GCC_541\Debug\HardwareTask1.a(CyLib.o)
 .debug_line    0x00002577      0x367 .\CortexM3\ARM_GCC_541\Debug\HardwareTask1.a(cyPm.o)
 .debug_line    0x000028de      0x143 .\CortexM3\ARM_GCC_541\Debug\HardwareTask1.a(ADC_Finished_Interrupt.o)
 .debug_line    0x00002a21       0x66 .\CortexM3\ARM_GCC_541\Debug\HardwareTask1.a(CyBootAsmGnu.o)
 .debug_line    0x00002a87       0x9b .\CortexM3\ARM_GCC_541\Debug\HardwareTask1.a(USBUART_1_cls.o)
 .debug_line    0x00002b22       0x65 .\CortexM3\ARM_GCC_541\Debug\HardwareTask1.a(USBUART_1_descr.o)
 .debug_line    0x00002b87      0x21a .\CortexM3\ARM_GCC_541\Debug\HardwareTask1.a(CyFlash.o)
 .debug_line    0x00002da1      0x260 .\CortexM3\ARM_GCC_541\Debug\HardwareTask1.a(CySpc.o)

.debug_frame    0x00000000     0x1e5c
 *(.debug_frame)
 .debug_frame   0x00000000       0x88 .\CortexM3\ARM_GCC_541\Debug\main.o
 .debug_frame   0x00000088       0xfc .\CortexM3\ARM_GCC_541\Debug\cyfitter_cfg.o
 .debug_frame   0x00000184       0xb8 .\CortexM3\ARM_GCC_541\Debug\Cm3Start.o
 .debug_frame   0x0000023c      0x194 .\CortexM3\ARM_GCC_541\Debug\HardwareTask1.a(ADC_SAR_1.o)
 .debug_frame   0x000003d0       0x20 .\CortexM3\ARM_GCC_541\Debug\HardwareTask1.a(ADC_SAR_1_INT.o)
 .debug_frame   0x000003f0       0xb4 .\CortexM3\ARM_GCC_541\Debug\HardwareTask1.a(VDAC8_1.o)
 .debug_frame   0x000004a4      0x108 .\CortexM3\ARM_GCC_541\Debug\HardwareTask1.a(Timer_1.o)
 .debug_frame   0x000005ac      0x1dc .\CortexM3\ARM_GCC_541\Debug\HardwareTask1.a(USBUART_1.o)
 .debug_frame   0x00000788      0x27c .\CortexM3\ARM_GCC_541\Debug\HardwareTask1.a(USBUART_1_cdc.o)
 .debug_frame   0x00000a04      0x194 .\CortexM3\ARM_GCC_541\Debug\HardwareTask1.a(USBUART_1_drv.o)
 .debug_frame   0x00000b98       0x6c .\CortexM3\ARM_GCC_541\Debug\HardwareTask1.a(USBUART_1_episr.o)
 .debug_frame   0x00000c04       0xa0 .\CortexM3\ARM_GCC_541\Debug\HardwareTask1.a(USBUART_1_pm.o)
 .debug_frame   0x00000ca4      0x17c .\CortexM3\ARM_GCC_541\Debug\HardwareTask1.a(USBUART_1_std.o)
 .debug_frame   0x00000e20       0x20 .\CortexM3\ARM_GCC_541\Debug\HardwareTask1.a(USBUART_1_vnd.o)
 .debug_frame   0x00000e40      0x100 .\CortexM3\ARM_GCC_541\Debug\HardwareTask1.a(ADC_SAR_1_theACLK.o)
 .debug_frame   0x00000f40       0x70 .\CortexM3\ARM_GCC_541\Debug\HardwareTask1.a(USBUART_1_Dp.o)
 .debug_frame   0x00000fb0      0x738 .\CortexM3\ARM_GCC_541\Debug\HardwareTask1.a(CyLib.o)
 .debug_frame   0x000016e8      0x1f8 .\CortexM3\ARM_GCC_541\Debug\HardwareTask1.a(cyPm.o)
 .debug_frame   0x000018e0      0x104 .\CortexM3\ARM_GCC_541\Debug\HardwareTask1.a(ADC_Finished_Interrupt.o)
 .debug_frame   0x000019e4       0x2c .\CortexM3\ARM_GCC_541\Debug\HardwareTask1.a(USBUART_1_cls.o)
 .debug_frame   0x00001a10      0x194 .\CortexM3\ARM_GCC_541\Debug\HardwareTask1.a(CyFlash.o)
 .debug_frame   0x00001ba4      0x180 .\CortexM3\ARM_GCC_541\Debug\HardwareTask1.a(CySpc.o)
 .debug_frame   0x00001d24       0x44 c:/program files (x86)/cypress/psoc creator/4.2/psoc creator/import/gnu/arm/5.4.1/bin/../lib/gcc/arm-none-eabi/5.4.1/armv7-m\libgcc.a(_aeabi_ldivmod.o)
 .debug_frame   0x00001d68       0x38 c:/program files (x86)/cypress/psoc creator/4.2/psoc creator/import/gnu/arm/5.4.1/bin/../lib/gcc/arm-none-eabi/5.4.1/armv7-m\libgcc.a(_udivmoddi4.o)
 .debug_frame   0x00001da0       0x20 c:/program files (x86)/cypress/psoc creator/4.2/psoc creator/import/gnu/arm/5.4.1/bin/../lib/gcc/arm-none-eabi/5.4.1/../../../../arm-none-eabi/lib/armv7-m\libg_nano.a(lib_a-errno.o)
 .debug_frame   0x00001dc0       0x28 c:/program files (x86)/cypress/psoc creator/4.2/psoc creator/import/gnu/arm/5.4.1/bin/../lib/gcc/arm-none-eabi/5.4.1/../../../../arm-none-eabi/lib/armv7-m\libg_nano.a(lib_a-exit.o)
 .debug_frame   0x00001de8       0x2c c:/program files (x86)/cypress/psoc creator/4.2/psoc creator/import/gnu/arm/5.4.1/bin/../lib/gcc/arm-none-eabi/5.4.1/../../../../arm-none-eabi/lib/armv7-m\libg_nano.a(lib_a-init.o)
 .debug_frame   0x00001e14       0x28 c:/program files (x86)/cypress/psoc creator/4.2/psoc creator/import/gnu/arm/5.4.1/bin/../lib/gcc/arm-none-eabi/5.4.1/../../../../arm-none-eabi/lib/armv7-m\libg_nano.a(lib_a-memcpy-stub.o)
 .debug_frame   0x00001e3c       0x20 c:/program files (x86)/cypress/psoc creator/4.2/psoc creator/import/gnu/arm/5.4.1/bin/../lib/gcc/arm-none-eabi/5.4.1/../../../../arm-none-eabi/lib/armv7-m\libg_nano.a(lib_a-memset.o)

.debug_str      0x00000000     0x2e7f
 *(.debug_str)
 .debug_str     0x00000000      0x2a8 .\CortexM3\ARM_GCC_541\Debug\main.o
                                0x316 (size before relaxing)
 .debug_str     0x000002a8      0x17c .\CortexM3\ARM_GCC_541\Debug\cyfitter_cfg.o
                                0x314 (size before relaxing)
 .debug_str     0x00000424       0x75 .\CortexM3\ARM_GCC_541\Debug\cymetadata.o
                                0x1df (size before relaxing)
 .debug_str     0x00000499      0x144 .\CortexM3\ARM_GCC_541\Debug\Cm3Start.o
                                0x305 (size before relaxing)
 .debug_str     0x000005dd      0x262 .\CortexM3\ARM_GCC_541\Debug\HardwareTask1.a(ADC_SAR_1.o)
                                0x48b (size before relaxing)
 .debug_str     0x0000083f       0x35 .\CortexM3\ARM_GCC_541\Debug\HardwareTask1.a(ADC_SAR_1_INT.o)
                                0x196 (size before relaxing)
 .debug_str     0x00000874       0x9d .\CortexM3\ARM_GCC_541\Debug\HardwareTask1.a(VDAC8_1.o)
                                0x22e (size before relaxing)
 .debug_str     0x00000911      0x174 .\CortexM3\ARM_GCC_541\Debug\HardwareTask1.a(Timer_1.o)
                                0x310 (size before relaxing)
 .debug_str     0x00000a85      0x471 .\CortexM3\ARM_GCC_541\Debug\HardwareTask1.a(USBUART_1.o)
                                0x6b5 (size before relaxing)
 .debug_str     0x00000ef6      0x551 .\CortexM3\ARM_GCC_541\Debug\HardwareTask1.a(USBUART_1_cdc.o)
                                0x836 (size before relaxing)
 .debug_str     0x00001447      0x2c1 .\CortexM3\ARM_GCC_541\Debug\HardwareTask1.a(USBUART_1_drv.o)
                                0x697 (size before relaxing)
 .debug_str     0x00001708       0x8c .\CortexM3\ARM_GCC_541\Debug\HardwareTask1.a(USBUART_1_episr.o)
                                0x2f0 (size before relaxing)
 .debug_str     0x00001794       0xe6 .\CortexM3\ARM_GCC_541\Debug\HardwareTask1.a(USBUART_1_pm.o)
                                0x303 (size before relaxing)
 .debug_str     0x0000187a      0x292 .\CortexM3\ARM_GCC_541\Debug\HardwareTask1.a(USBUART_1_std.o)
                                0x80c (size before relaxing)
 .debug_str     0x00001b0c       0x27 .\CortexM3\ARM_GCC_541\Debug\HardwareTask1.a(USBUART_1_vnd.o)
                                0x1ee (size before relaxing)
 .debug_str     0x00001b33      0x207 .\CortexM3\ARM_GCC_541\Debug\HardwareTask1.a(ADC_SAR_1_theACLK.o)
                                0x3b0 (size before relaxing)
 .debug_str     0x00001d3a       0xb0 .\CortexM3\ARM_GCC_541\Debug\HardwareTask1.a(USBUART_1_Dp.o)
                                0x24a (size before relaxing)
 .debug_str     0x00001dea      0x7db .\CortexM3\ARM_GCC_541\Debug\HardwareTask1.a(CyLib.o)
                                0xa42 (size before relaxing)
 .debug_str     0x000025c5      0x365 .\CortexM3\ARM_GCC_541\Debug\HardwareTask1.a(cyPm.o)
                                0x72e (size before relaxing)
 .debug_str     0x0000292a      0x1b5 .\CortexM3\ARM_GCC_541\Debug\HardwareTask1.a(ADC_Finished_Interrupt.o)
                                0x38f (size before relaxing)
 .debug_str     0x00002adf       0x27 .\CortexM3\ARM_GCC_541\Debug\HardwareTask1.a(USBUART_1_cls.o)
                                0x2b5 (size before relaxing)
 .debug_str     0x00002b06      0x112 .\CortexM3\ARM_GCC_541\Debug\HardwareTask1.a(USBUART_1_descr.o)
                                0x36e (size before relaxing)
 .debug_str     0x00002c18      0x1bb .\CortexM3\ARM_GCC_541\Debug\HardwareTask1.a(CyFlash.o)
                                0x3bb (size before relaxing)
 .debug_str     0x00002dd3       0xac .\CortexM3\ARM_GCC_541\Debug\HardwareTask1.a(CySpc.o)
                                0x333 (size before relaxing)

.debug_loc      0x00000000     0x3434
 *(.debug_loc)
 .debug_loc     0x00000000       0x94 .\CortexM3\ARM_GCC_541\Debug\main.o
 .debug_loc     0x00000094      0x1fd .\CortexM3\ARM_GCC_541\Debug\cyfitter_cfg.o
 .debug_loc     0x00000291      0x144 .\CortexM3\ARM_GCC_541\Debug\Cm3Start.o
 .debug_loc     0x000003d5      0x295 .\CortexM3\ARM_GCC_541\Debug\HardwareTask1.a(ADC_SAR_1.o)
 .debug_loc     0x0000066a       0x79 .\CortexM3\ARM_GCC_541\Debug\HardwareTask1.a(VDAC8_1.o)
 .debug_loc     0x000006e3      0x3e1 .\CortexM3\ARM_GCC_541\Debug\HardwareTask1.a(USBUART_1.o)
 .debug_loc     0x00000ac4      0x557 .\CortexM3\ARM_GCC_541\Debug\HardwareTask1.a(USBUART_1_cdc.o)
 .debug_loc     0x0000101b      0x171 .\CortexM3\ARM_GCC_541\Debug\HardwareTask1.a(USBUART_1_drv.o)
 .debug_loc     0x0000118c       0x26 .\CortexM3\ARM_GCC_541\Debug\HardwareTask1.a(USBUART_1_pm.o)
 .debug_loc     0x000011b2      0x945 .\CortexM3\ARM_GCC_541\Debug\HardwareTask1.a(USBUART_1_std.o)
 .debug_loc     0x00001af7      0x14d .\CortexM3\ARM_GCC_541\Debug\HardwareTask1.a(ADC_SAR_1_theACLK.o)
 .debug_loc     0x00001c44       0x84 .\CortexM3\ARM_GCC_541\Debug\HardwareTask1.a(USBUART_1_Dp.o)
 .debug_loc     0x00001cc8      0xa11 .\CortexM3\ARM_GCC_541\Debug\HardwareTask1.a(CyLib.o)
 .debug_loc     0x000026d9      0x1e4 .\CortexM3\ARM_GCC_541\Debug\HardwareTask1.a(cyPm.o)
 .debug_loc     0x000028bd       0x56 .\CortexM3\ARM_GCC_541\Debug\HardwareTask1.a(ADC_Finished_Interrupt.o)
 .debug_loc     0x00002913       0x6a .\CortexM3\ARM_GCC_541\Debug\HardwareTask1.a(USBUART_1_cls.o)
 .debug_loc     0x0000297d      0x3b2 .\CortexM3\ARM_GCC_541\Debug\HardwareTask1.a(CyFlash.o)
 .debug_loc     0x00002d2f      0x705 .\CortexM3\ARM_GCC_541\Debug\HardwareTask1.a(CySpc.o)

.debug_macinfo
 *(.debug_macinfo)

.debug_ranges   0x00000000      0xa38
 *(.debug_ranges)
 .debug_ranges  0x00000000       0x28 .\CortexM3\ARM_GCC_541\Debug\main.o
 .debug_ranges  0x00000028       0x48 .\CortexM3\ARM_GCC_541\Debug\cyfitter_cfg.o
 .debug_ranges  0x00000070       0x38 .\CortexM3\ARM_GCC_541\Debug\Cm3Start.o
 .debug_ranges  0x000000a8       0x88 .\CortexM3\ARM_GCC_541\Debug\HardwareTask1.a(ADC_SAR_1.o)
 .debug_ranges  0x00000130       0x10 .\CortexM3\ARM_GCC_541\Debug\HardwareTask1.a(ADC_SAR_1_INT.o)
 .debug_ranges  0x00000140       0x48 .\CortexM3\ARM_GCC_541\Debug\HardwareTask1.a(VDAC8_1.o)
 .debug_ranges  0x00000188       0x78 .\CortexM3\ARM_GCC_541\Debug\HardwareTask1.a(Timer_1.o)
 .debug_ranges  0x00000200       0xd0 .\CortexM3\ARM_GCC_541\Debug\HardwareTask1.a(USBUART_1.o)
 .debug_ranges  0x000002d0       0xd8 .\CortexM3\ARM_GCC_541\Debug\HardwareTask1.a(USBUART_1_cdc.o)
 .debug_ranges  0x000003a8       0x88 .\CortexM3\ARM_GCC_541\Debug\HardwareTask1.a(USBUART_1_drv.o)
 .debug_ranges  0x00000430       0x30 .\CortexM3\ARM_GCC_541\Debug\HardwareTask1.a(USBUART_1_episr.o)
 .debug_ranges  0x00000460       0x30 .\CortexM3\ARM_GCC_541\Debug\HardwareTask1.a(USBUART_1_pm.o)
 .debug_ranges  0x00000490       0x70 .\CortexM3\ARM_GCC_541\Debug\HardwareTask1.a(USBUART_1_std.o)
 .debug_ranges  0x00000500       0x10 .\CortexM3\ARM_GCC_541\Debug\HardwareTask1.a(USBUART_1_vnd.o)
 .debug_ranges  0x00000510       0x70 .\CortexM3\ARM_GCC_541\Debug\HardwareTask1.a(ADC_SAR_1_theACLK.o)
 .debug_ranges  0x00000580       0x38 .\CortexM3\ARM_GCC_541\Debug\HardwareTask1.a(USBUART_1_Dp.o)
 .debug_ranges  0x000005b8      0x290 .\CortexM3\ARM_GCC_541\Debug\HardwareTask1.a(CyLib.o)
 .debug_ranges  0x00000848       0x88 .\CortexM3\ARM_GCC_541\Debug\HardwareTask1.a(cyPm.o)
 .debug_ranges  0x000008d0       0x70 .\CortexM3\ARM_GCC_541\Debug\HardwareTask1.a(ADC_Finished_Interrupt.o)
 .debug_ranges  0x00000940       0x10 .\CortexM3\ARM_GCC_541\Debug\HardwareTask1.a(USBUART_1_cls.o)
 .debug_ranges  0x00000950       0x78 .\CortexM3\ARM_GCC_541\Debug\HardwareTask1.a(CyFlash.o)
 .debug_ranges  0x000009c8       0x70 .\CortexM3\ARM_GCC_541\Debug\HardwareTask1.a(CySpc.o)

.comment        0x00000000       0x6e
 .comment       0x00000000       0x6e .\CortexM3\ARM_GCC_541\Debug\main.o
                                 0x6f (size before relaxing)
 .comment       0x0000006e       0x6f .\CortexM3\ARM_GCC_541\Debug\cyfitter_cfg.o
 .comment       0x0000006e       0x6f .\CortexM3\ARM_GCC_541\Debug\cymetadata.o
 .comment       0x0000006e       0x6f .\CortexM3\ARM_GCC_541\Debug\Cm3Start.o
 .comment       0x0000006e       0x6f .\CortexM3\ARM_GCC_541\Debug\HardwareTask1.a(ADC_SAR_1.o)
 .comment       0x0000006e       0x6f .\CortexM3\ARM_GCC_541\Debug\HardwareTask1.a(ADC_SAR_1_INT.o)
 .comment       0x0000006e       0x6f .\CortexM3\ARM_GCC_541\Debug\HardwareTask1.a(VDAC8_1.o)
 .comment       0x0000006e       0x6f .\CortexM3\ARM_GCC_541\Debug\HardwareTask1.a(Timer_1.o)
 .comment       0x0000006e       0x6f .\CortexM3\ARM_GCC_541\Debug\HardwareTask1.a(USBUART_1.o)
 .comment       0x0000006e       0x6f .\CortexM3\ARM_GCC_541\Debug\HardwareTask1.a(USBUART_1_cdc.o)
 .comment       0x0000006e       0x6f .\CortexM3\ARM_GCC_541\Debug\HardwareTask1.a(USBUART_1_drv.o)
 .comment       0x0000006e       0x6f .\CortexM3\ARM_GCC_541\Debug\HardwareTask1.a(USBUART_1_episr.o)
 .comment       0x0000006e       0x6f .\CortexM3\ARM_GCC_541\Debug\HardwareTask1.a(USBUART_1_pm.o)
 .comment       0x0000006e       0x6f .\CortexM3\ARM_GCC_541\Debug\HardwareTask1.a(USBUART_1_std.o)
 .comment       0x0000006e       0x6f .\CortexM3\ARM_GCC_541\Debug\HardwareTask1.a(USBUART_1_vnd.o)
 .comment       0x0000006e       0x6f .\CortexM3\ARM_GCC_541\Debug\HardwareTask1.a(ADC_SAR_1_theACLK.o)
 .comment       0x0000006e       0x6f .\CortexM3\ARM_GCC_541\Debug\HardwareTask1.a(USBUART_1_Dp.o)
 .comment       0x0000006e       0x6f .\CortexM3\ARM_GCC_541\Debug\HardwareTask1.a(CyLib.o)
 .comment       0x0000006e       0x6f .\CortexM3\ARM_GCC_541\Debug\HardwareTask1.a(cyPm.o)
 .comment       0x0000006e       0x6f .\CortexM3\ARM_GCC_541\Debug\HardwareTask1.a(ADC_Finished_Interrupt.o)
 .comment       0x0000006e       0x6f .\CortexM3\ARM_GCC_541\Debug\HardwareTask1.a(USBUART_1_cls.o)
 .comment       0x0000006e       0x6f .\CortexM3\ARM_GCC_541\Debug\HardwareTask1.a(USBUART_1_descr.o)
 .comment       0x0000006e       0x6f .\CortexM3\ARM_GCC_541\Debug\HardwareTask1.a(CyFlash.o)
 .comment       0x0000006e       0x6f .\CortexM3\ARM_GCC_541\Debug\HardwareTask1.a(CySpc.o)

.debug_weaknames
 *(.debug_weaknames)

.debug_funcnames
 *(.debug_funcnames)

.debug_typenames
 *(.debug_typenames)

.debug_varnames
 *(.debug_varnames)

.note.gnu.arm.ident
 *(.note.gnu.arm.ident)

.ARM.attributes
                0x00000000       0x29
 *(.ARM.attributes)
 .ARM.attributes
                0x00000000       0x1d c:/program files (x86)/cypress/psoc creator/4.2/psoc creator/import/gnu/arm/5.4.1/bin/../lib/gcc/arm-none-eabi/5.4.1/armv7-m/crti.o
 .ARM.attributes
                0x0000001d       0x2d c:/program files (x86)/cypress/psoc creator/4.2/psoc creator/import/gnu/arm/5.4.1/bin/../lib/gcc/arm-none-eabi/5.4.1/armv7-m/crtbegin.o
 .ARM.attributes
                0x0000004a       0x1b c:/program files (x86)/cypress/psoc creator/4.2/psoc creator/import/gnu/arm/5.4.1/bin/../lib/gcc/arm-none-eabi/5.4.1/../../../../arm-none-eabi/lib/armv7-m/crt0.o
 .ARM.attributes
                0x00000065       0x33 .\CortexM3\ARM_GCC_541\Debug\main.o
 .ARM.attributes
                0x00000098       0x33 .\CortexM3\ARM_GCC_541\Debug\cyfitter_cfg.o
 .ARM.attributes
                0x000000cb       0x33 .\CortexM3\ARM_GCC_541\Debug\cymetadata.o
 .ARM.attributes
                0x000000fe       0x33 .\CortexM3\ARM_GCC_541\Debug\Cm3Start.o
 .ARM.attributes
                0x00000131       0x33 .\CortexM3\ARM_GCC_541\Debug\HardwareTask1.a(ADC_SAR_1.o)
 .ARM.attributes
                0x00000164       0x33 .\CortexM3\ARM_GCC_541\Debug\HardwareTask1.a(ADC_SAR_1_INT.o)
 .ARM.attributes
                0x00000197       0x33 .\CortexM3\ARM_GCC_541\Debug\HardwareTask1.a(VDAC8_1.o)
 .ARM.attributes
                0x000001ca       0x33 .\CortexM3\ARM_GCC_541\Debug\HardwareTask1.a(Timer_1.o)
 .ARM.attributes
                0x000001fd       0x33 .\CortexM3\ARM_GCC_541\Debug\HardwareTask1.a(USBUART_1.o)
 .ARM.attributes
                0x00000230       0x33 .\CortexM3\ARM_GCC_541\Debug\HardwareTask1.a(USBUART_1_cdc.o)
 .ARM.attributes
                0x00000263       0x33 .\CortexM3\ARM_GCC_541\Debug\HardwareTask1.a(USBUART_1_drv.o)
 .ARM.attributes
                0x00000296       0x33 .\CortexM3\ARM_GCC_541\Debug\HardwareTask1.a(USBUART_1_episr.o)
 .ARM.attributes
                0x000002c9       0x33 .\CortexM3\ARM_GCC_541\Debug\HardwareTask1.a(USBUART_1_pm.o)
 .ARM.attributes
                0x000002fc       0x33 .\CortexM3\ARM_GCC_541\Debug\HardwareTask1.a(USBUART_1_std.o)
 .ARM.attributes
                0x0000032f       0x33 .\CortexM3\ARM_GCC_541\Debug\HardwareTask1.a(USBUART_1_vnd.o)
 .ARM.attributes
                0x00000362       0x33 .\CortexM3\ARM_GCC_541\Debug\HardwareTask1.a(ADC_SAR_1_theACLK.o)
 .ARM.attributes
                0x00000395       0x33 .\CortexM3\ARM_GCC_541\Debug\HardwareTask1.a(USBUART_1_Dp.o)
 .ARM.attributes
                0x000003c8       0x33 .\CortexM3\ARM_GCC_541\Debug\HardwareTask1.a(CyLib.o)
 .ARM.attributes
                0x000003fb       0x33 .\CortexM3\ARM_GCC_541\Debug\HardwareTask1.a(cyPm.o)
 .ARM.attributes
                0x0000042e       0x33 .\CortexM3\ARM_GCC_541\Debug\HardwareTask1.a(ADC_Finished_Interrupt.o)
 .ARM.attributes
                0x00000461       0x21 .\CortexM3\ARM_GCC_541\Debug\HardwareTask1.a(CyBootAsmGnu.o)
 .ARM.attributes
                0x00000482       0x33 .\CortexM3\ARM_GCC_541\Debug\HardwareTask1.a(USBUART_1_cls.o)
 .ARM.attributes
                0x000004b5       0x33 .\CortexM3\ARM_GCC_541\Debug\HardwareTask1.a(USBUART_1_descr.o)
 .ARM.attributes
                0x000004e8       0x33 .\CortexM3\ARM_GCC_541\Debug\HardwareTask1.a(CyFlash.o)
 .ARM.attributes
                0x0000051b       0x33 .\CortexM3\ARM_GCC_541\Debug\HardwareTask1.a(CySpc.o)
 .ARM.attributes
                0x0000054e       0x1d c:/program files (x86)/cypress/psoc creator/4.2/psoc creator/import/gnu/arm/5.4.1/bin/../lib/gcc/arm-none-eabi/5.4.1/armv7-m\libgcc.a(_arm_addsubsf3.o)
 .ARM.attributes
                0x0000056b       0x1d c:/program files (x86)/cypress/psoc creator/4.2/psoc creator/import/gnu/arm/5.4.1/bin/../lib/gcc/arm-none-eabi/5.4.1/armv7-m\libgcc.a(_arm_muldivsf3.o)
 .ARM.attributes
                0x00000588       0x1d c:/program files (x86)/cypress/psoc creator/4.2/psoc creator/import/gnu/arm/5.4.1/bin/../lib/gcc/arm-none-eabi/5.4.1/armv7-m\libgcc.a(_aeabi_ldivmod.o)
 .ARM.attributes
                0x000005a5       0x2d c:/program files (x86)/cypress/psoc creator/4.2/psoc creator/import/gnu/arm/5.4.1/bin/../lib/gcc/arm-none-eabi/5.4.1/armv7-m\libgcc.a(_udivmoddi4.o)
 .ARM.attributes
                0x000005d2       0x1d c:/program files (x86)/cypress/psoc creator/4.2/psoc creator/import/gnu/arm/5.4.1/bin/../lib/gcc/arm-none-eabi/5.4.1/armv7-m\libgcc.a(_dvmd_tls.o)
 .ARM.attributes
                0x000005ef       0x2d c:/program files (x86)/cypress/psoc creator/4.2/psoc creator/import/gnu/arm/5.4.1/bin/../lib/gcc/arm-none-eabi/5.4.1/../../../../arm-none-eabi/lib/armv7-m\libg_nano.a(lib_a-errno.o)
 .ARM.attributes
                0x0000061c       0x2d c:/program files (x86)/cypress/psoc creator/4.2/psoc creator/import/gnu/arm/5.4.1/bin/../lib/gcc/arm-none-eabi/5.4.1/../../../../arm-none-eabi/lib/armv7-m\libg_nano.a(lib_a-exit.o)
 .ARM.attributes
                0x00000649       0x2d c:/program files (x86)/cypress/psoc creator/4.2/psoc creator/import/gnu/arm/5.4.1/bin/../lib/gcc/arm-none-eabi/5.4.1/../../../../arm-none-eabi/lib/armv7-m\libg_nano.a(lib_a-impure.o)
 .ARM.attributes
                0x00000676       0x2d c:/program files (x86)/cypress/psoc creator/4.2/psoc creator/import/gnu/arm/5.4.1/bin/../lib/gcc/arm-none-eabi/5.4.1/../../../../arm-none-eabi/lib/armv7-m\libg_nano.a(lib_a-init.o)
 .ARM.attributes
                0x000006a3       0x2d c:/program files (x86)/cypress/psoc creator/4.2/psoc creator/import/gnu/arm/5.4.1/bin/../lib/gcc/arm-none-eabi/5.4.1/../../../../arm-none-eabi/lib/armv7-m\libg_nano.a(lib_a-memcpy-stub.o)
 .ARM.attributes
                0x000006d0       0x2d c:/program files (x86)/cypress/psoc creator/4.2/psoc creator/import/gnu/arm/5.4.1/bin/../lib/gcc/arm-none-eabi/5.4.1/../../../../arm-none-eabi/lib/armv7-m\libg_nano.a(lib_a-memset.o)
 .ARM.attributes
                0x000006fd       0x2d c:/program files (x86)/cypress/psoc creator/4.2/psoc creator/import/gnu/arm/5.4.1/bin/../lib/gcc/arm-none-eabi/5.4.1/armv7-m/crtend.o
 .ARM.attributes
                0x0000072a       0x1d c:/program files (x86)/cypress/psoc creator/4.2/psoc creator/import/gnu/arm/5.4.1/bin/../lib/gcc/arm-none-eabi/5.4.1/armv7-m/crtn.o

/DISCARD/
 *(.note.GNU-stack)
OUTPUT(H:\Documents\301_Project\Hardware Task 1\HardwareTask1.cydsn\CortexM3\ARM_GCC_541\Debug\HardwareTask1.elf elf32-littlearm)
